 Abaqus/Standard 2025                  DATE 04-Oct-2026 TIME 19:55:16
 SUMMARY OF JOB INFORMATION:
 STEP  INC ATT SEVERE EQUIL TOTAL  TOTAL      STEP       INC OF       DOF    IF
               DISCON ITERS ITERS  TIME/    TIME/LPF    TIME/LPF    MONITOR RIKS
               ITERS               FREQ
   1     1   1     0     1     1  0.100      0.100      0.1000    
   1     2   1     0     1     1  0.200      0.200      0.1000    
   1     3   1     0     1     1  0.300      0.300      0.1000    
   1     4   1     0     1     1  0.400      0.400      0.1000    
   1     5   1     0     1     1  0.500      0.500      0.1000    
   1     6   1     0     1     1  0.600      0.600      0.1000    
   1     7   1     0     1     1  0.700      0.700      0.1000    
   1     8   1     0     1     1  0.800      0.800      0.1000    
   1     9   1     0     1     1  0.900      0.900      0.1000    
   1    10   1     0     1     1  1.00       1.00       0.1000    
   2     1   1     0     1     1  1.00       0.00199    0.001987  
   2     2   1     0     1     1  1.00       0.00397    0.001987  
   2     3   1     0     1     1  1.01       0.00596    0.001987  
   2     4   1     0     1     1  1.01       0.00795    0.001987  
   2     5   1     0     1     1  1.01       0.00993    0.001987  
   2     6   1     0     1     1  1.01       0.0119     0.001987  
   2     7   1     0     1     1  1.01       0.0139     0.001987  
   2     8   1     0     1     1  1.02       0.0159     0.001987  
   2     9   1     0     1     1  1.02       0.0179     0.001987  
   2    10   1     0     1     1  1.02       0.0199     0.001987  
   2    11   1     0     1     1  1.02       0.0219     0.001987  
   2    12   1     0     1     1  1.02       0.0238     0.001987  
   2    13   1     0     1     1  1.03       0.0258     0.001987  
   2    14   1     0     1     1  1.03       0.0278     0.001987  
   2    15   1     0     1     1  1.03       0.0298     0.001987  
   2    16   1     0     1     1  1.03       0.0318     0.001987  
   2    17   1     0     1     1  1.03       0.0338     0.001987  
   2    18   1     0     1     1  1.04       0.0358     0.001987  
   2    19   1     0     1     1  1.04       0.0378     0.001987  
   2    20   1     0     1     1  1.04       0.0397     0.001987  
   2    21   1     0     1     1  1.04       0.0417     0.001987  
   2    22   1     0     1     1  1.04       0.0437     0.001987  
   2    23   1     0     1     1  1.05       0.0457     0.001987  
   2    24   1     0     1     1  1.05       0.0477     0.001987  
   2    25   1     0     1     1  1.05       0.0497     0.001987  
   2    26   1     0     1     1  1.05       0.0517     0.001987  
   2    27   1     0     1     1  1.05       0.0536     0.001987  
   2    28   1     0     1     1  1.06       0.0556     0.001987  
   2    29   1     0     1     1  1.06       0.0576     0.001987  
   2    30   1     0     1     1  1.06       0.0596     0.001987  
   2    31   1     0     1     1  1.06       0.0616     0.001987  
   2    32   1     0     1     1  1.06       0.0636     0.001987  
   2    33   1     0     1     1  1.07       0.0656     0.001987  
   2    34   1     0     1     1  1.07       0.0676     0.001987  
   2    35   1     0     1     1  1.07       0.0695     0.001987  
   2    36   1     0     1     1  1.07       0.0715     0.001987  
   2    37   1     0     1     1  1.07       0.0735     0.001987  
   2    38   1     0     1     1  1.08       0.0755     0.001987  
   2    39   1     0     1     1  1.08       0.0775     0.001987  
   2    40   1     0     1     1  1.08       0.0795     0.001987  
   2    41   1     0     1     1  1.08       0.0815     0.001987  
   2    42   1     0     1     1  1.08       0.0835     0.001987  
   2    43   1     0     1     1  1.09       0.0854     0.001987  
   2    44   1     0     1     1  1.09       0.0874     0.001987  
   2    45   1     0     1     1  1.09       0.0894     0.001987  
   2    46   1     0     1     1  1.09       0.0914     0.001987  
   2    47   1     0     1     1  1.09       0.0934     0.001987  
   2    48   1     0     1     1  1.10       0.0954     0.001987  
   2    49   1     0     1     1  1.10       0.0974     0.001987  
   2    50   1     0     1     1  1.10       0.0993     0.001987  
   2    51   1     0     1     1  1.10       0.101      0.001987  
   2    52   1     0     1     1  1.10       0.103      0.001987  
   2    53   1     0     1     1  1.11       0.105      0.001987  
   2    54   1     0     1     1  1.11       0.107      0.001987  
   2    55   1     0     1     1  1.11       0.109      0.001987  
   2    56   1     0     1     1  1.11       0.111      0.001987  
   2    57   1     0     1     1  1.11       0.113      0.001987  
   2    58   1     0     1     1  1.12       0.115      0.001987  
   2    59   1     0     1     1  1.12       0.117      0.001987  
   2    60   1     0     1     1  1.12       0.119      0.001987  
   2    61   1     0     1     1  1.12       0.121      0.001987  
   2    62   1     0     1     1  1.12       0.123      0.001987  
   2    63   1     0     1     1  1.13       0.125      0.001987  
   2    64   1     0     1     1  1.13       0.127      0.001987  
   2    65   1     0     1     1  1.13       0.129      0.001987  
   2    66   1     0     1     1  1.13       0.131      0.001987  
   2    67   1     0     1     1  1.13       0.133      0.001987  
   2    68   1     0     1     1  1.14       0.135      0.001987  
   2    69   1     0     1     1  1.14       0.137      0.001987  
   2    70   1     0     1     1  1.14       0.139      0.001987  
   2    71   1     0     1     1  1.14       0.141      0.001987  
   2    72   1     0     1     1  1.14       0.143      0.001987  
   2    73   1     0     1     1  1.15       0.145      0.001987  
   2    74   1     0     1     1  1.15       0.147      0.001987  
   2    75   1     0     1     1  1.15       0.149      0.001987  
   2    76   1     0     1     1  1.15       0.151      0.001987  
   2    77   1     0     1     1  1.15       0.153      0.001987  
   2    78   1     0     1     1  1.15       0.155      0.001987  
   2    79   1     0     1     1  1.16       0.157      0.001987  
   2    80   1     0     1     1  1.16       0.159      0.001987  
   2    81   1     0     1     1  1.16       0.161      0.001987  
   2    82   1     0     1     1  1.16       0.163      0.001987  
   2    83   1     0     1     1  1.16       0.165      0.001987  
   2    84   1     0     1     1  1.17       0.167      0.001987  
   2    85   1     0     1     1  1.17       0.169      0.001987  
   2    86   1     0     1     1  1.17       0.171      0.001987  
   2    87   1     0     1     1  1.17       0.173      0.001987  
   2    88   1     0     1     1  1.17       0.175      0.001987  
   2    89   1     0     1     1  1.18       0.177      0.001987  
   2    90   1     0     1     1  1.18       0.179      0.001987  
   2    91   1     0     1     1  1.18       0.181      0.001987  
   2    92   1     0     1     1  1.18       0.183      0.001987  
   2    93   1     0     1     1  1.18       0.185      0.001987  
   2    94   1     0     1     1  1.19       0.187      0.001987  
   2    95   1     0     1     1  1.19       0.189      0.001987  
   2    96   1     0     1     1  1.19       0.191      0.001987  
   2    97   1     0     1     1  1.19       0.193      0.001987  
   2    98   1     0     1     1  1.19       0.195      0.001987  
   2    99   1     0     1     1  1.20       0.197      0.001987  
   2   100   1     0     1     1  1.20       0.199      0.001987  
   2   101   1     0     1     1  1.20       0.201      0.001987  
   2   102   1     0     1     1  1.20       0.203      0.001987  
   2   103   1     0     1     1  1.20       0.205      0.001987  
   2   104   1     0     1     1  1.21       0.207      0.001987  
   2   105   1     0     1     1  1.21       0.209      0.001987  
   2   106   1     0     1     1  1.21       0.211      0.001987  
   2   107   1     0     1     1  1.21       0.213      0.001987  
   2   108   1     0     1     1  1.21       0.215      0.001987  
   2   109   1     0     1     1  1.22       0.217      0.001987  
   2   110   1     0     1     1  1.22       0.219      0.001987  
   2   111   1     0     1     1  1.22       0.221      0.001987  
   2   112   1     0     1     1  1.22       0.223      0.001987  
   2   113   1     0     1     1  1.22       0.225      0.001987  
   2   114   1     0     1     1  1.23       0.227      0.001987  
   2   115   1     0     1     1  1.23       0.228      0.001987  
   2   116   1     0     1     1  1.23       0.230      0.001987  
   2   117   1     0     1     1  1.23       0.232      0.001987  
   2   118   1     0     1     1  1.23       0.234      0.001987  
   2   119   1     0     1     1  1.24       0.236      0.001987  
   2   120   1     0     1     1  1.24       0.238      0.001987  
   2   121   1     0     1     1  1.24       0.240      0.001987  
   2   122   1     0     1     1  1.24       0.242      0.001987  
   2   123   1     0     1     1  1.24       0.244      0.001987  
   2   124   1     0     1     1  1.25       0.246      0.001987  
   2   125   1     0     1     1  1.25       0.248      0.001987  
   2   126   1     0     1     1  1.25       0.250      0.001987  
   2   127   1     0     1     1  1.25       0.252      0.001987  
   2   128   1     0     1     1  1.25       0.254      0.001987  
   2   129   1     0     1     1  1.26       0.256      0.001987  
   2   130   1     0     1     1  1.26       0.258      0.001987  
   2   131   1     0     1     1  1.26       0.260      0.001987  
   2   132   1     0     1     1  1.26       0.262      0.001987  
   2   133   1     0     1     1  1.26       0.264      0.001987  
   2   134   1     0     1     1  1.27       0.266      0.001987  
   2   135   1     0     1     1  1.27       0.268      0.001987  
   2   136   1     0     1     1  1.27       0.270      0.001987  
   2   137   1     0     1     1  1.27       0.272      0.001987  
   2   138   1     0     1     1  1.27       0.274      0.001987  
   2   139   1     0     1     1  1.28       0.276      0.001987  
   2   140   1     0     1     1  1.28       0.278      0.001987  
   2   141   1     0     1     1  1.28       0.280      0.001987  
   2   142   1     0     1     1  1.28       0.282      0.001987  
   2   143   1     0     1     1  1.28       0.284      0.001987  
   2   144   1     0     1     1  1.29       0.286      0.001987  
   2   145   1     0     1     1  1.29       0.288      0.001987  
   2   146   1     0     1     1  1.29       0.290      0.001987  
   2   147   1     0     1     1  1.29       0.292      0.001987  
   2   148   1     0     1     1  1.29       0.294      0.001987  
   2   149   1     0     1     1  1.30       0.296      0.001987  
   2   150   1     0     1     1  1.30       0.298      0.001987  
   2   151   1     0     1     1  1.30       0.300      0.001987  
   2   152   1     0     1     1  1.30       0.302      0.001987  
   2   153   1     0     1     1  1.30       0.304      0.001987  
   2   154   1     0     1     1  1.31       0.306      0.001987  
   2   155   1     0     1     1  1.31       0.308      0.001987  
   2   156   1     0     1     1  1.31       0.310      0.001987  
   2   157   1     0     1     1  1.31       0.312      0.001987  
   2   158   1     0     1     1  1.31       0.314      0.001987  
   2   159   1     0     1     1  1.32       0.316      0.001987  
   2   160   1     0     1     1  1.32       0.318      0.001987  
   2   161   1     0     1     1  1.32       0.320      0.001987  
   2   162   1     0     1     1  1.32       0.322      0.001987  
   2   163   1     0     1     1  1.32       0.324      0.001987  
   2   164   1     0     1     1  1.33       0.326      0.001987  
   2   165   1     0     1     1  1.33       0.328      0.001987  
   2   166   1     0     1     1  1.33       0.330      0.001987  
   2   167   1     0     1     1  1.33       0.332      0.001987  
   2   168   1     0     1     1  1.33       0.334      0.001987  
   2   169   1     0     1     1  1.34       0.336      0.001987  
   2   170   1     0     1     1  1.34       0.338      0.001987  
   2   171   1     0     1     1  1.34       0.340      0.001987  
   2   172   1     0     1     1  1.34       0.342      0.001987  
   2   173   1     0     1     1  1.34       0.344      0.001987  
   2   174   1     0     1     1  1.35       0.346      0.001987  
   2   175   1     0     1     1  1.35       0.348      0.001987  
   2   176   1     0     1     1  1.35       0.350      0.001987  
   2   177   1     0     1     1  1.35       0.352      0.001987  
   2   178   1     0     1     1  1.35       0.354      0.001987  
   2   179   1     0     1     1  1.36       0.356      0.001987  
   2   180   1     0     1     1  1.36       0.358      0.001987  
   2   181   1     0     1     1  1.36       0.360      0.001987  
   2   182   1     0     1     1  1.36       0.362      0.001987  
   2   183   1     0     1     1  1.36       0.364      0.001987  
   2   184   1     0     1     1  1.37       0.366      0.001987  
   2   185   1     0     1     1  1.37       0.368      0.001987  
   2   186   1     0     1     1  1.37       0.370      0.001987  
   2   187   1     0     1     1  1.37       0.372      0.001987  
   2   188   1     0     1     1  1.37       0.374      0.001987  
   2   189   1     0     1     1  1.38       0.376      0.001987  
   2   190   1     0     1     1  1.38       0.378      0.001987  
   2   191   1     0     1     1  1.38       0.380      0.001987  
   2   192   1     0     1     1  1.38       0.381      0.001987  
   2   193   1     0     1     1  1.38       0.383      0.001987  
   2   194   1     0     1     1  1.39       0.385      0.001987  
   2   195   1     0     1     1  1.39       0.387      0.001987  
   2   196   1     0     1     1  1.39       0.389      0.001987  
   2   197   1     0     1     1  1.39       0.391      0.001987  
   2   198   1     0     1     1  1.39       0.393      0.001987  
   2   199   1     0     1     1  1.40       0.395      0.001987  
   2   200   1     0     1     1  1.40       0.397      0.001987  
   2   201   1     0     1     1  1.40       0.399      0.001987  
   2   202   1     0     1     1  1.40       0.401      0.001987  
   2   203   1     0     1     1  1.40       0.403      0.001987  
   2   204   1     0     1     1  1.41       0.405      0.001987  
   2   205   1     0     1     1  1.41       0.407      0.001987  
   2   206   1     0     1     1  1.41       0.409      0.001987  
   2   207   1     0     1     1  1.41       0.411      0.001987  
   2   208   1     0     1     1  1.41       0.413      0.001987  
   2   209   1     0     1     1  1.42       0.415      0.001987  
   2   210   1     0     1     1  1.42       0.417      0.001987  
   2   211   1     0     1     1  1.42       0.419      0.001987  
   2   212   1     0     1     1  1.42       0.421      0.001987  
   2   213   1     0     1     1  1.42       0.423      0.001987  
   2   214   1     0     1     1  1.43       0.425      0.001987  
   2   215   1     0     1     1  1.43       0.427      0.001987  
   2   216   1     0     1     1  1.43       0.429      0.001987  
   2   217   1     0     1     1  1.43       0.431      0.001987  
   2   218   1     0     1     1  1.43       0.433      0.001987  
   2   219   1     0     1     1  1.44       0.435      0.001987  
   2   220   1     0     1     1  1.44       0.437      0.001987  
   2   221   1     0     1     1  1.44       0.439      0.001987  
   2   222   1     0     1     1  1.44       0.441      0.001987  
   2   223   1     0     1     1  1.44       0.443      0.001987  
   2   224   1     0     1     1  1.45       0.445      0.001987  
   2   225   1     0     1     1  1.45       0.447      0.001987  
   2   226   1     0     1     1  1.45       0.449      0.001987  
   2   227   1     0     1     1  1.45       0.451      0.001987  
   2   228   1     0     1     1  1.45       0.453      0.001987  
   2   229   1     0     1     1  1.46       0.455      0.001987  
   2   230   1     0     1     1  1.46       0.457      0.001987  
   2   231   1     0     1     1  1.46       0.459      0.001987  
   2   232   1     0     1     1  1.46       0.461      0.001987  
   2   233   1     0     1     1  1.46       0.463      0.001987  
   2   234   1     0     1     1  1.46       0.465      0.001987  
   2   235   1     0     1     1  1.47       0.467      0.001987  
   2   236   1     0     1     1  1.47       0.469      0.001987  
   2   237   1     0     1     1  1.47       0.471      0.001987  
   2   238   1     0     1     1  1.47       0.473      0.001987  
   2   239   1     0     1     1  1.47       0.475      0.001987  
   2   240   1     0     1     1  1.48       0.477      0.001987  
   2   241   1     0     1     1  1.48       0.479      0.001987  
   2   242   1     0     1     1  1.48       0.481      0.001987  
   2   243   1     0     1     1  1.48       0.483      0.001987  
   2   244   1     0     1     1  1.48       0.485      0.001987  
   2   245   1     0     1     1  1.49       0.487      0.001987  
   2   246   1     0     1     1  1.49       0.489      0.001987  
   2   247   1     0     1     1  1.49       0.491      0.001987  
   2   248   1     0     1     1  1.49       0.493      0.001987  
   2   249   1     0     1     1  1.49       0.495      0.001987  
   2   250   1     0     1     1  1.50       0.497      0.001987  
   2   251   1     0     1     1  1.50       0.499      0.001987  
   2   252   1     0     1     1  1.50       0.501      0.001987  
   2   253   1     0     1     1  1.50       0.503      0.001987  
   2   254   1     0     1     1  1.50       0.505      0.001987  
   2   255   1     0     1     1  1.51       0.507      0.001987  
   2   256   1     0     1     1  1.51       0.509      0.001987  
   2   257   1     0     1     1  1.51       0.511      0.001987  
   2   258   1     0     1     1  1.51       0.513      0.001987  
   2   259   1     0     1     1  1.51       0.515      0.001987  
   2   260   1     0     1     1  1.52       0.517      0.001987  
   2   261   1     0     1     1  1.52       0.519      0.001987  
   2   262   1     0     1     1  1.52       0.521      0.001987  
   2   263   1     0     1     1  1.52       0.523      0.001987  
   2   264   1     0     1     1  1.52       0.525      0.001987  
   2   265   1     0     1     1  1.53       0.527      0.001987  
   2   266   1     0     1     1  1.53       0.529      0.001987  
   2   267   1     0     1     1  1.53       0.531      0.001987  
   2   268   1     0     1     1  1.53       0.532      0.001987  
   2   269   1     0     1     1  1.53       0.534      0.001987  
   2   270   1     0     1     1  1.54       0.536      0.001987  
   2   271   1     0     1     1  1.54       0.538      0.001987  
   2   272   1     0     1     1  1.54       0.540      0.001987  
   2   273   1     0     1     1  1.54       0.542      0.001987  
   2   274   1     0     1     1  1.54       0.544      0.001987  
   2   275   1     0     1     1  1.55       0.546      0.001987  
   2   276   1     0     1     1  1.55       0.548      0.001987  
   2   277   1     0     1     1  1.55       0.550      0.001987  
   2   278   1     0     1     1  1.55       0.552      0.001987  
   2   279   1     0     1     1  1.55       0.554      0.001987  
   2   280   1     0     1     1  1.56       0.556      0.001987  
   2   281   1     0     1     1  1.56       0.558      0.001987  
   2   282   1     0     1     1  1.56       0.560      0.001987  
   2   283   1     0     1     1  1.56       0.562      0.001987  
   2   284   1     0     1     1  1.56       0.564      0.001987  
   2   285   1     0     1     1  1.57       0.566      0.001987  
   2   286   1     0     1     1  1.57       0.568      0.001987  
   2   287   1     0     1     1  1.57       0.570      0.001987  
   2   288   1     0     1     1  1.57       0.572      0.001987  
   2   289   1     0     1     1  1.57       0.574      0.001987  
   2   290   1     0     1     1  1.58       0.576      0.001987  
   2   291   1     0     1     1  1.58       0.578      0.001987  
   2   292   1     0     1     1  1.58       0.580      0.001987  
   2   293   1     0     1     1  1.58       0.582      0.001987  
   2   294   1     0     1     1  1.58       0.584      0.001987  
   2   295   1     0     1     1  1.59       0.586      0.001987  
   2   296   1     0     1     1  1.59       0.588      0.001987  
   2   297   1     0     1     1  1.59       0.590      0.001987  
   2   298   1     0     1     1  1.59       0.592      0.001987  
   2   299   1     0     1     1  1.59       0.594      0.001987  
   2   300   1     0     1     1  1.60       0.596      0.001987  
   2   301   1     0     1     1  1.60       0.598      0.001987  
   2   302   1     0     1     1  1.60       0.600      0.001987  
   2   303   1     0     1     1  1.60       0.602      0.001987  
   2   304   1     0     1     1  1.60       0.604      0.001987  
   2   305   1     0     1     1  1.61       0.606      0.001987  
   2   306   1     0     1     1  1.61       0.608      0.001987  
   2   307   1     0     1     1  1.61       0.610      0.001987  
   2   308   1     0     1     1  1.61       0.612      0.001987  
   2   309   1     0     1     1  1.61       0.614      0.001987  
   2   310   1     0     1     1  1.62       0.616      0.001987  
   2   311   1     0     1     1  1.62       0.618      0.001987  
   2   312   1     0     1     1  1.62       0.620      0.001987  
   2   313   1     0     1     1  1.62       0.622      0.001987  
   2   314   1     0     1     1  1.62       0.624      0.001987  
   2   315   1     0     1     1  1.63       0.626      0.001987  
   2   316   1     0     1     1  1.63       0.628      0.001987  
   2   317   1     0     1     1  1.63       0.630      0.001987  
   2   318   1     0     1     1  1.63       0.632      0.001987  
   2   319   1     0     1     1  1.63       0.634      0.001987  
   2   320   1     0     1     1  1.64       0.636      0.001987  
   2   321   1     0     1     1  1.64       0.638      0.001987  
   2   322   1     0     1     1  1.64       0.640      0.001987  
   2   323   1     0     1     1  1.64       0.642      0.001987  
   2   324   1     0     1     1  1.64       0.644      0.001987  
   2   325   1     0     1     1  1.65       0.646      0.001987  
   2   326   1     0     1     1  1.65       0.648      0.001987  
   2   327   1     0     1     1  1.65       0.650      0.001987  
   2   328   1     0     1     1  1.65       0.652      0.001987  
   2   329   1     0     1     1  1.65       0.654      0.001987  
   2   330   1     0     1     1  1.66       0.656      0.001987  
   2   331   1     0     1     1  1.66       0.658      0.001987  
   2   332   1     0     1     1  1.66       0.660      0.001987  
   2   333   1     0     1     1  1.66       0.662      0.001987  
   2   334   1     0     1     1  1.66       0.664      0.001987  
   2   335   1     0     1     1  1.67       0.666      0.001987  
   2   336   1     0     1     1  1.67       0.668      0.001987  
   2   337   1     0     1     1  1.67       0.670      0.001987  
   2   338   1     0     1     1  1.67       0.672      0.001987  
   2   339   1     0     1     1  1.67       0.674      0.001987  
   2   340   1     0     1     1  1.68       0.676      0.001987  
   2   341   1     0     1     1  1.68       0.678      0.001987  
   2   342   1     0     1     1  1.68       0.680      0.001987  
   2   343   1     0     1     1  1.68       0.682      0.001987  
   2   344   1     0     1     1  1.68       0.683      0.001987  
   2   345   1     0     1     1  1.69       0.685      0.001987  
   2   346   1     0     1     1  1.69       0.687      0.001987  
   2   347   1     0     1     1  1.69       0.689      0.001987  
   2   348   1     0     1     1  1.69       0.691      0.001987  
   2   349   1     0     1     1  1.69       0.693      0.001987  
   2   350   1     0     1     1  1.70       0.695      0.001987  
   2   351   1     0     1     1  1.70       0.697      0.001987  
   2   352   1     0     1     1  1.70       0.699      0.001987  
   2   353   1     0     1     1  1.70       0.701      0.001987  
   2   354   1     0     1     1  1.70       0.703      0.001987  
   2   355   1     0     1     1  1.71       0.705      0.001987  
   2   356   1     0     1     1  1.71       0.707      0.001987  
   2   357   1     0     1     1  1.71       0.709      0.001987  
   2   358   1     0     1     1  1.71       0.711      0.001987  
   2   359   1     0     1     1  1.71       0.713      0.001987  
   2   360   1     0     1     1  1.72       0.715      0.001987  
   2   361   1     0     1     1  1.72       0.717      0.001987  
   2   362   1     0     1     1  1.72       0.719      0.001987  
   2   363   1     0     1     1  1.72       0.721      0.001987  
   2   364   1     0     1     1  1.72       0.723      0.001987  
   2   365   1     0     1     1  1.73       0.725      0.001987  
   2   366   1     0     1     1  1.73       0.727      0.001987  
   2   367   1     0     1     1  1.73       0.729      0.001987  
   2   368   1     0     1     1  1.73       0.731      0.001987  
   2   369   1     0     1     1  1.73       0.733      0.001987  
   2   370   1     0     1     1  1.74       0.735      0.001987  
   2   371   1     0     1     1  1.74       0.737      0.001987  
   2   372   1     0     1     1  1.74       0.739      0.001987  
   2   373   1     0     1     1  1.74       0.741      0.001987  
   2   374   1     0     1     1  1.74       0.743      0.001987  
   2   375   1     0     1     1  1.75       0.745      0.001987  
   2   376   1     0     1     1  1.75       0.747      0.001987  
   2   377   1     0     1     1  1.75       0.749      0.001987  
   2   378   1     0     1     1  1.75       0.751      0.001987  
   2   379   1     0     1     1  1.75       0.753      0.001987  
   2   380   1     0     1     1  1.76       0.755      0.001987  
   2   381   1     0     1     1  1.76       0.757      0.001987  
   2   382   1     0     1     1  1.76       0.759      0.001987  
   2   383   1     0     1     1  1.76       0.761      0.001987  
   2   384   1     0     1     1  1.76       0.763      0.001987  
   2   385   1     0     1     1  1.76       0.765      0.001987  
   2   386   1     0     1     1  1.77       0.767      0.001987  
   2   387   1     0     1     1  1.77       0.769      0.001987  
   2   388   1     0     1     1  1.77       0.771      0.001987  
   2   389   1     0     1     1  1.77       0.773      0.001987  
   2   390   1     0     1     1  1.77       0.775      0.001987  
   2   391   1     0     1     1  1.78       0.777      0.001987  
   2   392   1     0     1     1  1.78       0.779      0.001987  
   2   393   1     0     1     1  1.78       0.781      0.001987  
   2   394   1     0     1     1  1.78       0.783      0.001987  
   2   395   1     0     1     1  1.78       0.785      0.001987  
   2   396   1     0     1     1  1.79       0.787      0.001987  
   2   397   1     0     1     1  1.79       0.789      0.001987  
   2   398   1     0     1     1  1.79       0.791      0.001987  
   2   399   1     0     1     1  1.79       0.793      0.001987  
   2   400   1     0     1     1  1.79       0.795      0.001987  
   2   401   1     0     1     1  1.80       0.797      0.001987  
   2   402   1     0     1     1  1.80       0.799      0.001987  
   2   403   1     0     1     1  1.80       0.801      0.001987  
   2   404   1     0     1     1  1.80       0.803      0.001987  
   2   405   1     0     1     1  1.80       0.805      0.001987  
   2   406   1     0     1     1  1.81       0.807      0.001987  
   2   407   1     0     1     1  1.81       0.809      0.001987  
   2   408   1     0     1     1  1.81       0.811      0.001987  
   2   409   1     0     1     1  1.81       0.813      0.001987  
   2   410   1     0     1     1  1.81       0.815      0.001987  
   2   411   1     0     1     1  1.82       0.817      0.001987  
   2   412   1     0     1     1  1.82       0.819      0.001987  
   2   413   1     0     1     1  1.82       0.821      0.001987  
   2   414   1     0     1     1  1.82       0.823      0.001987  
   2   415   1     0     1     1  1.82       0.825      0.001987  
   2   416   1     0     1     1  1.83       0.827      0.001987  
   2   417   1     0     1     1  1.83       0.829      0.001987  
   2   418   1     0     1     1  1.83       0.831      0.001987  
   2   419   1     0     1     1  1.83       0.833      0.001987  
   2   420   1     0     1     1  1.83       0.835      0.001987  
   2   421   1     0     1     1  1.84       0.836      0.001987  
   2   422   1     0     1     1  1.84       0.838      0.001987  
   2   423   1     0     1     1  1.84       0.840      0.001987  
   2   424   1     0     1     1  1.84       0.842      0.001987  
   2   425   1     0     1     1  1.84       0.844      0.001987  
   2   426   1     0     1     1  1.85       0.846      0.001987  
   2   427   1     0     1     1  1.85       0.848      0.001987  
   2   428   1     0     1     1  1.85       0.850      0.001987  
   2   429   1     0     1     1  1.85       0.852      0.001987  
   2   430   1     0     1     1  1.85       0.854      0.001987  
   2   431   1     0     1     1  1.86       0.856      0.001987  
   2   432   1     0     1     1  1.86       0.858      0.001987  
   2   433   1     0     1     1  1.86       0.860      0.001987  
   2   434   1     0     1     1  1.86       0.862      0.001987  
   2   435   1     0     1     1  1.86       0.864      0.001987  
   2   436   1     0     1     1  1.87       0.866      0.001987  
   2   437   1     0     1     1  1.87       0.868      0.001987  
   2   438   1     0     1     1  1.87       0.870      0.001987  
   2   439   1     0     1     1  1.87       0.872      0.001987  
   2   440   1     0     1     1  1.87       0.874      0.001987  
   2   441   1     0     1     1  1.88       0.876      0.001987  
   2   442   1     0     1     1  1.88       0.878      0.001987  
   2   443   1     0     1     1  1.88       0.880      0.001987  
   2   444   1     0     1     1  1.88       0.882      0.001987  
   2   445   1     0     1     1  1.88       0.884      0.001987  
   2   446   1     0     1     1  1.89       0.886      0.001987  
   2   447   1     0     1     1  1.89       0.888      0.001987  
   2   448   1     0     1     1  1.89       0.890      0.001987  
   2   449   1     0     1     1  1.89       0.892      0.001987  
   2   450   1     0     1     1  1.89       0.894      0.001987  
   2   451   1     0     1     1  1.90       0.896      0.001987  
   2   452   1     0     1     1  1.90       0.898      0.001987  
   2   453   1     0     1     1  1.90       0.900      0.001987  
   2   454   1     0     1     1  1.90       0.902      0.001987  
   2   455   1     0     1     1  1.90       0.904      0.001987  
   2   456   1     0     1     1  1.91       0.906      0.001987  
   2   457   1     0     1     1  1.91       0.908      0.001987  
   2   458   1     0     1     1  1.91       0.910      0.001987  
   2   459   1     0     1     1  1.91       0.912      0.001987  
   2   460   1     0     1     1  1.91       0.914      0.001987  
   2   461   1     0     1     1  1.92       0.916      0.001987  
   2   462   1     0     1     1  1.92       0.918      0.001987  
   2   463   1     0     1     1  1.92       0.920      0.001987  
   2   464   1     0     1     1  1.92       0.922      0.001987  
   2   465   1     0     1     1  1.92       0.924      0.001987  
   2   466   1     0     1     1  1.93       0.926      0.001987  
   2   467   1     0     1     1  1.93       0.928      0.001987  
   2   468   1     0     1     1  1.93       0.930      0.001987  
   2   469   1     0     1     1  1.93       0.932      0.001987  
   2   470   1     0     1     1  1.93       0.934      0.001987  
   2   471   1     0     1     1  1.94       0.936      0.001987  
   2   472   1     0     1     1  1.94       0.938      0.001987  
   2   473   1     0     1     1  1.94       0.940      0.001987  
   2   474   1     0     1     1  1.94       0.942      0.001987  
   2   475   1     0     1     1  1.94       0.944      0.001987  
   2   476   1     0     1     1  1.95       0.946      0.001987  
   2   477   1     0     1     1  1.95       0.948      0.001987  
   2   478   1     0     1     1  1.95       0.950      0.001987  
   2   479   1     0     1     1  1.95       0.952      0.001987  
   2   480   1     0     1     1  1.95       0.954      0.001987  
   2   481   1     0     1     1  1.96       0.956      0.001987  
   2   482   1     0     1     1  1.96       0.958      0.001987  
   2   483   1     0     1     1  1.96       0.960      0.001987  
   2   484   1     0     1     1  1.96       0.962      0.001987  
   2   485   1     0     1     1  1.96       0.964      0.001987  
   2   486   1     0     1     1  1.97       0.966      0.001987  
   2   487   1     0     1     1  1.97       0.968      0.001987  
   2   488   1     0     1     1  1.97       0.970      0.001987  
   2   489   1     0     1     1  1.97       0.972      0.001987  
   2   490   1     0     1     1  1.97       0.974      0.001987  
   2   491   1     0     1     1  1.98       0.976      0.001987  
   2   492   1     0     1     1  1.98       0.978      0.001987  
   2   493   1     0     1     1  1.98       0.980      0.001987  
   2   494   1     0     1     1  1.98       0.982      0.001987  
   2   495   1     0     1     1  1.98       0.984      0.001987  
   2   496   1     0     1     1  1.99       0.986      0.001987  
   2   497   1     0     1     1  1.99       0.987      0.001987  
   2   498   1     0     1     1  1.99       0.989      0.001987  
   2   499   1     0     1     1  1.99       0.991      0.001987  
   2   500   1     0     1     1  1.99       0.993      0.001987  
   2   501   1     0     1     1  2.00       0.995      0.001987  
   2   502   1     0     1     1  2.00       0.997      0.001987  
   2   503   1     0     1     1  2.00       0.999      0.001987  
   2   504   1     0     1     1  2.00       1.00       0.001987  
   2   505   1     0     1     1  2.00       1.00       0.001987  
   2   506   1     0     1     1  2.01       1.01       0.001987  
   2   507   1     0     1     1  2.01       1.01       0.001987  
   2   508   1     0     1     1  2.01       1.01       0.001987  
   2   509   1     0     1     1  2.01       1.01       0.001987  
   2   510   1     0     1     1  2.01       1.01       0.001987  
   2   511   1     0     1     1  2.02       1.02       0.001987  
   2   512   1     0     1     1  2.02       1.02       0.001987  
   2   513   1     0     1     1  2.02       1.02       0.001987  
   2   514   1     0     1     1  2.02       1.02       0.001987  
   2   515   1     0     1     1  2.02       1.02       0.001987  
   2   516   1     0     1     1  2.03       1.03       0.001987  
   2   517   1     0     1     1  2.03       1.03       0.001987  
   2   518   1     0     1     1  2.03       1.03       0.001987  
   2   519   1     0     1     1  2.03       1.03       0.001987  
   2   520   1     0     1     1  2.03       1.03       0.001987  
   2   521   1     0     1     1  2.04       1.04       0.001987  
   2   522   1     0     1     1  2.04       1.04       0.001987  
   2   523   1     0     1     1  2.04       1.04       0.001987  
   2   524   1     0     1     1  2.04       1.04       0.001987  
   2   525   1     0     1     1  2.04       1.04       0.001987  
   2   526   1     0     1     1  2.05       1.05       0.001987  
   2   527   1     0     1     1  2.05       1.05       0.001987  
   2   528   1     0     1     1  2.05       1.05       0.001987  
   2   529   1     0     1     1  2.05       1.05       0.001987  
   2   530   1     0     1     1  2.05       1.05       0.001987  
   2   531   1     0     1     1  2.06       1.06       0.001987  
   2   532   1     0     1     1  2.06       1.06       0.001987  
   2   533   1     0     1     1  2.06       1.06       0.001987  
   2   534   1     0     1     1  2.06       1.06       0.001987  
   2   535   1     0     1     1  2.06       1.06       0.001987  
   2   536   1     0     1     1  2.06       1.06       0.001987  
   2   537   1     0     1     1  2.07       1.07       0.001987  
   2   538   1     0     1     1  2.07       1.07       0.001987  
   2   539   1     0     1     1  2.07       1.07       0.001987  
   2   540   1     0     1     1  2.07       1.07       0.001987  
   2   541   1     0     1     1  2.07       1.07       0.001987  
   2   542   1     0     1     1  2.08       1.08       0.001987  
   2   543   1     0     1     1  2.08       1.08       0.001987  
   2   544   1     0     1     1  2.08       1.08       0.001987  
   2   545   1     0     1     1  2.08       1.08       0.001987  
   2   546   1     0     1     1  2.08       1.08       0.001987  
   2   547   1     0     1     1  2.09       1.09       0.001987  
   2   548   1     0     1     1  2.09       1.09       0.001987  
   2   549   1     0     1     1  2.09       1.09       0.001987  
   2   550   1     0     1     1  2.09       1.09       0.001987  
   2   551   1     0     1     1  2.09       1.09       0.001987  
   2   552   1     0     1     1  2.10       1.10       0.001987  
   2   553   1     0     1     1  2.10       1.10       0.001987  
   2   554   1     0     1     1  2.10       1.10       0.001987  
   2   555   1     0     1     1  2.10       1.10       0.001987  
   2   556   1     0     1     1  2.10       1.10       0.001987  
   2   557   1     0     1     1  2.11       1.11       0.001987  
   2   558   1     0     1     1  2.11       1.11       0.001987  
   2   559   1     0     1     1  2.11       1.11       0.001987  
   2   560   1     0     1     1  2.11       1.11       0.001987  
   2   561   1     0     1     1  2.11       1.11       0.001987  
   2   562   1     0     1     1  2.12       1.12       0.001987  
   2   563   1     0     1     1  2.12       1.12       0.001987  
   2   564   1     0     1     1  2.12       1.12       0.001987  
   2   565   1     0     1     1  2.12       1.12       0.001987  
   2   566   1     0     1     1  2.12       1.12       0.001987  
   2   567   1     0     1     1  2.13       1.13       0.001987  
   2   568   1     0     1     1  2.13       1.13       0.001987  
   2   569   1     0     1     1  2.13       1.13       0.001987  
   2   570   1     0     1     1  2.13       1.13       0.001987  
   2   571   1     0     1     1  2.13       1.13       0.001987  
   2   572   1     0     1     1  2.14       1.14       0.001987  
   2   573   1     0     1     1  2.14       1.14       0.001987  
   2   574   1     0     1     1  2.14       1.14       0.001987  
   2   575   1     0     1     1  2.14       1.14       0.001987  
   2   576   1     0     1     1  2.14       1.14       0.001987  
   2   577   1     0     1     1  2.15       1.15       0.001987  
   2   578   1     0     1     1  2.15       1.15       0.001987  
   2   579   1     0     1     1  2.15       1.15       0.001987  
   2   580   1     0     1     1  2.15       1.15       0.001987  
   2   581   1     0     1     1  2.15       1.15       0.001987  
   2   582   1     0     1     1  2.16       1.16       0.001987  
   2   583   1     0     1     1  2.16       1.16       0.001987  
   2   584   1     0     1     1  2.16       1.16       0.001987  
   2   585   1     0     1     1  2.16       1.16       0.001987  
   2   586   1     0     1     1  2.16       1.16       0.001987  
   2   587   1     0     1     1  2.17       1.17       0.001987  
   2   588   1     0     1     1  2.17       1.17       0.001987  
   2   589   1     0     1     1  2.17       1.17       0.001987  
   2   590   1     0     1     1  2.17       1.17       0.001987  
   2   591   1     0     1     1  2.17       1.17       0.001987  
   2   592   1     0     1     1  2.18       1.18       0.001987  
   2   593   1     0     1     1  2.18       1.18       0.001987  
   2   594   1     0     1     1  2.18       1.18       0.001987  
   2   595   1     0     1     1  2.18       1.18       0.001987  
   2   596   1     0     1     1  2.18       1.18       0.001987  
   2   597   1     0     1     1  2.19       1.19       0.001987  
   2   598   1     0     1     1  2.19       1.19       0.001987  
   2   599   1     0     1     1  2.19       1.19       0.001987  
   2   600   1     0     1     1  2.19       1.19       0.001987  
   2   601   1     0     1     1  2.19       1.19       0.001987  
   2   602   1     0     1     1  2.20       1.20       0.001987  
   2   603   1     0     1     1  2.20       1.20       0.001987  
   2   604   1     0     1     1  2.20       1.20       0.001987  
   2   605   1     0     1     1  2.20       1.20       0.001987  
   2   606   1     0     1     1  2.20       1.20       0.001987  
   2   607   1     0     1     1  2.21       1.21       0.001987  
   2   608   1     0     1     1  2.21       1.21       0.001987  
   2   609   1     0     1     1  2.21       1.21       0.001987  
   2   610   1     0     1     1  2.21       1.21       0.001987  
   2   611   1     0     1     1  2.21       1.21       0.001987  
   2   612   1     0     1     1  2.22       1.22       0.001987  
   2   613   1     0     1     1  2.22       1.22       0.001987  
   2   614   1     0     1     1  2.22       1.22       0.001987  
   2   615   1     0     1     1  2.22       1.22       0.001987  
   2   616   1     0     1     1  2.22       1.22       0.001987  
   2   617   1     0     1     1  2.23       1.23       0.001987  
   2   618   1     0     1     1  2.23       1.23       0.001987  
   2   619   1     0     1     1  2.23       1.23       0.001987  
   2   620   1     0     1     1  2.23       1.23       0.001987  
   2   621   1     0     1     1  2.23       1.23       0.001987  
   2   622   1     0     1     1  2.24       1.24       0.001987  
   2   623   1     0     1     1  2.24       1.24       0.001987  
   2   624   1     0     1     1  2.24       1.24       0.001987  
   2   625   1     0     1     1  2.24       1.24       0.001987  
   2   626   1     0     1     1  2.24       1.24       0.001987  
   2   627   1     0     1     1  2.25       1.25       0.001987  
   2   628   1     0     1     1  2.25       1.25       0.001987  
   2   629   1     0     1     1  2.25       1.25       0.001987  
   2   630   1     0     1     1  2.25       1.25       0.001987  
   2   631   1     0     1     1  2.25       1.25       0.001987  
   2   632   1     0     1     1  2.26       1.26       0.001987  
   2   633   1     0     1     1  2.26       1.26       0.001987  
   2   634   1     0     1     1  2.26       1.26       0.001987  
   2   635   1     0     1     1  2.26       1.26       0.001987  
   2   636   1     0     1     1  2.26       1.26       0.001987  
   2   637   1     0     1     1  2.27       1.27       0.001987  
   2   638   1     0     1     1  2.27       1.27       0.001987  
   2   639   1     0     1     1  2.27       1.27       0.001987  
   2   640   1     0     1     1  2.27       1.27       0.001987  
   2   641   1     0     1     1  2.27       1.27       0.001987  
   2   642   1     0     1     1  2.28       1.28       0.001987  
   2   643   1     0     1     1  2.28       1.28       0.001987  
   2   644   1     0     1     1  2.28       1.28       0.001987  
   2   645   1     0     1     1  2.28       1.28       0.001987  
   2   646   1     0     1     1  2.28       1.28       0.001987  
   2   647   1     0     1     1  2.29       1.29       0.001987  
   2   648   1     0     1     1  2.29       1.29       0.001987  
   2   649   1     0     1     1  2.29       1.29       0.001987  
   2   650   1     0     1     1  2.29       1.29       0.001987  
   2   651   1     0     1     1  2.29       1.29       0.001987  
   2   652   1     0     1     1  2.30       1.30       0.001987  
   2   653   1     0     1     1  2.30       1.30       0.001987  
   2   654   1     0     1     1  2.30       1.30       0.001987  
   2   655   1     0     1     1  2.30       1.30       0.001987  
   2   656   1     0     1     1  2.30       1.30       0.001987  
   2   657   1     0     1     1  2.31       1.31       0.001987  
   2   658   1     0     1     1  2.31       1.31       0.001987  
   2   659   1     0     1     1  2.31       1.31       0.001987  
   2   660   1     0     1     1  2.31       1.31       0.001987  
   2   661   1     0     1     1  2.31       1.31       0.001987  
   2   662   1     0     1     1  2.32       1.32       0.001987  
   2   663   1     0     1     1  2.32       1.32       0.001987  
   2   664   1     0     1     1  2.32       1.32       0.001987  
   2   665   1     0     1     1  2.32       1.32       0.001987  
   2   666   1     0     1     1  2.32       1.32       0.001987  
   2   667   1     0     1     1  2.33       1.33       0.001987  
   2   668   1     0     1     1  2.33       1.33       0.001987  
   2   669   1     0     1     1  2.33       1.33       0.001987  
   2   670   1     0     1     1  2.33       1.33       0.001987  
   2   671   1     0     1     1  2.33       1.33       0.001987  
   2   672   1     0     1     1  2.34       1.34       0.001987  
   2   673   1     0     1     1  2.34       1.34       0.001987  
   2   674   1     0     1     1  2.34       1.34       0.001987  
   2   675   1     0     1     1  2.34       1.34       0.001987  
   2   676   1     0     1     1  2.34       1.34       0.001987  
   2   677   1     0     1     1  2.35       1.35       0.001987  
   2   678   1     0     1     1  2.35       1.35       0.001987  
   2   679   1     0     1     1  2.35       1.35       0.001987  
   2   680   1     0     1     1  2.35       1.35       0.001987  
   2   681   1     0     1     1  2.35       1.35       0.001987  
   2   682   1     0     1     1  2.36       1.36       0.001987  
   2   683   1     0     1     1  2.36       1.36       0.001987  
   2   684   1     0     1     1  2.36       1.36       0.001987  
   2   685   1     0     1     1  2.36       1.36       0.001987  
   2   686   1     0     1     1  2.36       1.36       0.001987  
   2   687   1     0     1     1  2.37       1.37       0.001987  
   2   688   1     0     1     1  2.37       1.37       0.001987  
   2   689   1     0     1     1  2.37       1.37       0.001987  
   2   690   1     0     1     1  2.37       1.37       0.001987  
   2   691   1     0     1     1  2.37       1.37       0.001987  
   2   692   1     0     1     1  2.37       1.37       0.001987  
   2   693   1     0     1     1  2.38       1.38       0.001987  
   2   694   1     0     1     1  2.38       1.38       0.001987  
   2   695   1     0     1     1  2.38       1.38       0.001987  
   2   696   1     0     1     1  2.38       1.38       0.001987  
   2   697   1     0     1     1  2.38       1.38       0.001987  
   2   698   1     0     1     1  2.39       1.39       0.001987  
   2   699   1     0     1     1  2.39       1.39       0.001987  
   2   700   1     0     1     1  2.39       1.39       0.001987  
   2   701   1     0     1     1  2.39       1.39       0.001987  
   2   702   1     0     1     1  2.39       1.39       0.001987  
   2   703   1     0     1     1  2.40       1.40       0.001987  
   2   704   1     0     1     1  2.40       1.40       0.001987  
   2   705   1     0     1     1  2.40       1.40       0.001987  
   2   706   1     0     1     1  2.40       1.40       0.001987  
   2   707   1     0     1     1  2.40       1.40       0.001987  
   2   708   1     0     1     1  2.41       1.41       0.001987  
   2   709   1     0     1     1  2.41       1.41       0.001987  
   2   710   1     0     1     1  2.41       1.41       0.001987  
   2   711   1     0     1     1  2.41       1.41       0.001987  
   2   712   1     0     1     1  2.41       1.41       0.001987  
   2   713   1     0     1     1  2.42       1.42       0.001987  
   2   714   1     0     1     1  2.42       1.42       0.001987  
   2   715   1     0     1     1  2.42       1.42       0.001987  
   2   716   1     0     1     1  2.42       1.42       0.001987  
   2   717   1     0     1     1  2.42       1.42       0.001987  
   2   718   1     0     1     1  2.43       1.43       0.001987  
   2   719   1     0     1     1  2.43       1.43       0.001987  
   2   720   1     0     1     1  2.43       1.43       0.001987  
   2   721   1     0     1     1  2.43       1.43       0.001987  
   2   722   1     0     1     1  2.43       1.43       0.001987  
   2   723   1     0     1     1  2.44       1.44       0.001987  
   2   724   1     0     1     1  2.44       1.44       0.001987  
   2   725   1     0     1     1  2.44       1.44       0.001987  
   2   726   1     0     1     1  2.44       1.44       0.001987  
   2   727   1     0     1     1  2.44       1.44       0.001987  
   2   728   1     0     1     1  2.45       1.45       0.001987  
   2   729   1     0     1     1  2.45       1.45       0.001987  
   2   730   1     0     1     1  2.45       1.45       0.001987  
   2   731   1     0     1     1  2.45       1.45       0.001987  
   2   732   1     0     1     1  2.45       1.45       0.001987  
   2   733   1     0     1     1  2.46       1.46       0.001987  
   2   734   1     0     1     1  2.46       1.46       0.001987  
   2   735   1     0     1     1  2.46       1.46       0.001987  
   2   736   1     0     1     1  2.46       1.46       0.001987  
   2   737   1     0     1     1  2.46       1.46       0.001987  
   2   738   1     0     1     1  2.47       1.47       0.001987  
   2   739   1     0     1     1  2.47       1.47       0.001987  
   2   740   1     0     1     1  2.47       1.47       0.001987  
   2   741   1     0     1     1  2.47       1.47       0.001987  
   2   742   1     0     1     1  2.47       1.47       0.001987  
   2   743   1     0     1     1  2.48       1.48       0.001987  
   2   744   1     0     1     1  2.48       1.48       0.001987  
   2   745   1     0     1     1  2.48       1.48       0.001987  
   2   746   1     0     1     1  2.48       1.48       0.001987  
   2   747   1     0     1     1  2.48       1.48       0.001987  
   2   748   1     0     1     1  2.49       1.49       0.001987  
   2   749   1     0     1     1  2.49       1.49       0.001987  
   2   750   1     0     1     1  2.49       1.49       0.001987  
   2   751   1     0     1     1  2.49       1.49       0.001987  
   2   752   1     0     1     1  2.49       1.49       0.001987  
   2   753   1     0     1     1  2.50       1.50       0.001987  
   2   754   1     0     1     1  2.50       1.50       0.001987  
   2   755   1     0     1     1  2.50       1.50       0.001987  
   2   756   1     0     1     1  2.50       1.50       0.001987  
   2   757   1     0     1     1  2.50       1.50       0.001987  
   2   758   1     0     1     1  2.51       1.51       0.001987  
   2   759   1     0     1     1  2.51       1.51       0.001987  
   2   760   1     0     1     1  2.51       1.51       0.001987  
   2   761   1     0     1     1  2.51       1.51       0.001987  
   2   762   1     0     1     1  2.51       1.51       0.001987  
   2   763   1     0     1     1  2.52       1.52       0.001987  
   2   764   1     0     1     1  2.52       1.52       0.001987  
   2   765   1     0     1     1  2.52       1.52       0.001987  
   2   766   1     0     1     1  2.52       1.52       0.001987  
   2   767   1     0     1     1  2.52       1.52       0.001987  
   2   768   1     0     1     1  2.53       1.53       0.001987  
   2   769   1     0     1     1  2.53       1.53       0.001987  
   2   770   1     0     1     1  2.53       1.53       0.001987  
   2   771   1     0     1     1  2.53       1.53       0.001987  
   2   772   1     0     1     1  2.53       1.53       0.001987  
   2   773   1     0     1     1  2.54       1.54       0.001987  
   2   774   1     0     1     1  2.54       1.54       0.001987  
   2   775   1     0     1     1  2.54       1.54       0.001987  
   2   776   1     0     1     1  2.54       1.54       0.001987  
   2   777   1     0     1     1  2.54       1.54       0.001987  
   2   778   1     0     1     1  2.55       1.55       0.001987  
   2   779   1     0     1     1  2.55       1.55       0.001987  
   2   780   1     0     1     1  2.55       1.55       0.001987  
   2   781   1     0     1     1  2.55       1.55       0.001987  
   2   782   1     0     1     1  2.55       1.55       0.001987  
   2   783   1     0     1     1  2.56       1.56       0.001987  
   2   784   1     0     1     1  2.56       1.56       0.001987  
   2   785   1     0     1     1  2.56       1.56       0.001987  
   2   786   1     0     1     1  2.56       1.56       0.001987  
   2   787   1     0     1     1  2.56       1.56       0.001987  
   2   788   1     0     1     1  2.57       1.57       0.001987  
   2   789   1     0     1     1  2.57       1.57       0.001987  
   2   790   1     0     1     1  2.57       1.57       0.001987  
   2   791   1     0     1     1  2.57       1.57       0.001987  
   2   792   1     0     1     1  2.57       1.57       0.001987  
   2   793   1     0     1     1  2.58       1.58       0.001987  
   2   794   1     0     1     1  2.58       1.58       0.001987  
   2   795   1     0     1     1  2.58       1.58       0.001987  
   2   796   1     0     1     1  2.58       1.58       0.001987  
   2   797   1     0     1     1  2.58       1.58       0.001987  
   2   798   1     0     1     1  2.59       1.59       0.001987  
   2   799   1     0     1     1  2.59       1.59       0.001987  
   2   800   1     0     1     1  2.59       1.59       0.001987  
   2   801   1     0     1     1  2.59       1.59       0.001987  
   2   802   1     0     1     1  2.59       1.59       0.001987  
   2   803   1     0     1     1  2.60       1.60       0.001987  
   2   804   1     0     1     1  2.60       1.60       0.001987  
   2   805   1     0     1     1  2.60       1.60       0.001987  
   2   806   1     0     1     1  2.60       1.60       0.001987  
   2   807   1     0     1     1  2.60       1.60       0.001987  
   2   808   1     0     1     1  2.61       1.61       0.001987  
   2   809   1     0     1     1  2.61       1.61       0.001987  
   2   810   1     0     1     1  2.61       1.61       0.001987  
   2   811   1     0     1     1  2.61       1.61       0.001987  
   2   812   1     0     1     1  2.61       1.61       0.001987  
   2   813   1     0     1     1  2.62       1.62       0.001987  
   2   814   1     0     1     1  2.62       1.62       0.001987  
   2   815   1     0     1     1  2.62       1.62       0.001987  
   2   816   1     0     1     1  2.62       1.62       0.001987  
   2   817   1     0     1     1  2.62       1.62       0.001987  
   2   818   1     0     1     1  2.63       1.63       0.001987  
   2   819   1     0     1     1  2.63       1.63       0.001987  
   2   820   1     0     1     1  2.63       1.63       0.001987  
   2   821   1     0     1     1  2.63       1.63       0.001987  
   2   822   1     0     1     1  2.63       1.63       0.001987  
   2   823   1     0     1     1  2.64       1.64       0.001987  
   2   824   1     0     1     1  2.64       1.64       0.001987  
   2   825   1     0     1     1  2.64       1.64       0.001987  
   2   826   1     0     1     1  2.64       1.64       0.001987  
   2   827   1     0     1     1  2.64       1.64       0.001987  
   2   828   1     0     1     1  2.65       1.65       0.001987  
   2   829   1     0     1     1  2.65       1.65       0.001987  
   2   830   1     0     1     1  2.65       1.65       0.001987  
   2   831   1     0     1     1  2.65       1.65       0.001987  
   2   832   1     0     1     1  2.65       1.65       0.001987  
   2   833   1     0     1     1  2.66       1.66       0.001987  
   2   834   1     0     1     1  2.66       1.66       0.001987  
   2   835   1     0     1     1  2.66       1.66       0.001987  
   2   836   1     0     1     1  2.66       1.66       0.001987  
   2   837   1     0     1     1  2.66       1.66       0.001987  
   2   838   1     0     1     1  2.67       1.67       0.001987  
   2   839   1     0     1     1  2.67       1.67       0.001987  
   2   840   1     0     1     1  2.67       1.67       0.001987  
   2   841   1     0     1     1  2.67       1.67       0.001987  
   2   842   1     0     1     1  2.67       1.67       0.001987  
   2   843   1     0     1     1  2.67       1.67       0.001987  
   2   844   1     0     1     1  2.68       1.68       0.001987  
   2   845   1     0     1     1  2.68       1.68       0.001987  
   2   846   1     0     1     1  2.68       1.68       0.001987  
   2   847   1     0     1     1  2.68       1.68       0.001987  
   2   848   1     0     1     1  2.68       1.68       0.001987  
   2   849   1     0     1     1  2.69       1.69       0.001987  
   2   850   1     0     1     1  2.69       1.69       0.001987  
   2   851   1     0     1     1  2.69       1.69       0.001987  
   2   852   1     0     1     1  2.69       1.69       0.001987  
   2   853   1     0     1     1  2.69       1.69       0.001987  
   2   854   1     0     1     1  2.70       1.70       0.001987  
   2   855   1     0     1     1  2.70       1.70       0.001987  
   2   856   1     0     1     1  2.70       1.70       0.001987  
   2   857   1     0     1     1  2.70       1.70       0.001987  
   2   858   1     0     1     1  2.70       1.70       0.001987  
   2   859   1     0     1     1  2.71       1.71       0.001987  
   2   860   1     0     1     1  2.71       1.71       0.001987  
   2   861   1     0     1     1  2.71       1.71       0.001987  
   2   862   1     0     1     1  2.71       1.71       0.001987  
   2   863   1     0     1     1  2.71       1.71       0.001987  
   2   864   1     0     1     1  2.72       1.72       0.001987  
   2   865   1     0     1     1  2.72       1.72       0.001987  
   2   866   1     0     1     1  2.72       1.72       0.001987  
   2   867   1     0     1     1  2.72       1.72       0.001987  
   2   868   1     0     1     1  2.72       1.72       0.001987  
   2   869   1     0     1     1  2.73       1.73       0.001987  
   2   870   1     0     1     1  2.73       1.73       0.001987  
   2   871   1     0     1     1  2.73       1.73       0.001987  
   2   872   1     0     1     1  2.73       1.73       0.001987  
   2   873   1     0     1     1  2.73       1.73       0.001987  
   2   874   1     0     1     1  2.74       1.74       0.001987  
   2   875   1     0     1     1  2.74       1.74       0.001987  
   2   876   1     0     1     1  2.74       1.74       0.001987  
   2   877   1     0     1     1  2.74       1.74       0.001987  
   2   878   1     0     1     1  2.74       1.74       0.001987  
   2   879   1     0     1     1  2.75       1.75       0.001987  
   2   880   1     0     1     1  2.75       1.75       0.001987  
   2   881   1     0     1     1  2.75       1.75       0.001987  
   2   882   1     0     1     1  2.75       1.75       0.001987  
   2   883   1     0     1     1  2.75       1.75       0.001987  
   2   884   1     0     1     1  2.76       1.76       0.001987  
   2   885   1     0     1     1  2.76       1.76       0.001987  
   2   886   1     0     1     1  2.76       1.76       0.001987  
   2   887   1     0     1     1  2.76       1.76       0.001987  
   2   888   1     0     1     1  2.76       1.76       0.001987  
   2   889   1     0     1     1  2.77       1.77       0.001987  
   2   890   1     0     1     1  2.77       1.77       0.001987  
   2   891   1     0     1     1  2.77       1.77       0.001987  
   2   892   1     0     1     1  2.77       1.77       0.001987  
   2   893   1     0     1     1  2.77       1.77       0.001987  
   2   894   1     0     1     1  2.78       1.78       0.001987  
   2   895   1     0     1     1  2.78       1.78       0.001987  
   2   896   1     0     1     1  2.78       1.78       0.001987  
   2   897   1     0     1     1  2.78       1.78       0.001987  
   2   898   1     0     1     1  2.78       1.78       0.001987  
   2   899   1     0     1     1  2.79       1.79       0.001987  
   2   900   1     0     1     1  2.79       1.79       0.001987  
   2   901   1     0     1     1  2.79       1.79       0.001987  
   2   902   1     0     1     1  2.79       1.79       0.001987  
   2   903   1     0     1     1  2.79       1.79       0.001987  
   2   904   1     0     1     1  2.80       1.80       0.001987  
   2   905   1     0     1     1  2.80       1.80       0.001987  
   2   906   1     0     1     1  2.80       1.80       0.001987  
   2   907   1     0     1     1  2.80       1.80       0.001987  
   2   908   1     0     1     1  2.80       1.80       0.001987  
   2   909   1     0     1     1  2.81       1.81       0.001987  
   2   910   1     0     1     1  2.81       1.81       0.001987  
   2   911   1     0     1     1  2.81       1.81       0.001987  
   2   912   1     0     1     1  2.81       1.81       0.001987  
   2   913   1     0     1     1  2.81       1.81       0.001987  
   2   914   1     0     1     1  2.82       1.82       0.001987  
   2   915   1     0     1     1  2.82       1.82       0.001987  
   2   916   1     0     1     1  2.82       1.82       0.001987  
   2   917   1     0     1     1  2.82       1.82       0.001987  
   2   918   1     0     1     1  2.82       1.82       0.001987  
   2   919   1     0     1     1  2.83       1.83       0.001987  
   2   920   1     0     1     1  2.83       1.83       0.001987  
   2   921   1     0     1     1  2.83       1.83       0.001987  
   2   922   1     0     1     1  2.83       1.83       0.001987  
   2   923   1     0     1     1  2.83       1.83       0.001987  
   2   924   1     0     1     1  2.84       1.84       0.001987  
   2   925   1     0     1     1  2.84       1.84       0.001987  
   2   926   1     0     1     1  2.84       1.84       0.001987  
   2   927   1     0     1     1  2.84       1.84       0.001987  
   2   928   1     0     1     1  2.84       1.84       0.001987  
   2   929   1     0     1     1  2.85       1.85       0.001987  
   2   930   1     0     1     1  2.85       1.85       0.001987  
   2   931   1     0     1     1  2.85       1.85       0.001987  
   2   932   1     0     1     1  2.85       1.85       0.001987  
   2   933   1     0     1     1  2.85       1.85       0.001987  
   2   934   1     0     1     1  2.86       1.86       0.001987  
   2   935   1     0     1     1  2.86       1.86       0.001987  
   2   936   1     0     1     1  2.86       1.86       0.001987  
   2   937   1     0     1     1  2.86       1.86       0.001987  
   2   938   1     0     1     1  2.86       1.86       0.001987  
   2   939   1     0     1     1  2.87       1.87       0.001987  
   2   940   1     0     1     1  2.87       1.87       0.001987  
   2   941   1     0     1     1  2.87       1.87       0.001987  
   2   942   1     0     1     1  2.87       1.87       0.001987  
   2   943   1     0     1     1  2.87       1.87       0.001987  
   2   944   1     0     1     1  2.88       1.88       0.001987  
   2   945   1     0     1     1  2.88       1.88       0.001987  
   2   946   1     0     1     1  2.88       1.88       0.001987  
   2   947   1     0     1     1  2.88       1.88       0.001987  
   2   948   1     0     1     1  2.88       1.88       0.001987  
   2   949   1     0     1     1  2.89       1.89       0.001987  
   2   950   1     0     1     1  2.89       1.89       0.001987  
   2   951   1     0     1     1  2.89       1.89       0.001987  
   2   952   1     0     1     1  2.89       1.89       0.001987  
   2   953   1     0     1     1  2.89       1.89       0.001987  
   2   954   1     0     1     1  2.90       1.90       0.001987  
   2   955   1     0     1     1  2.90       1.90       0.001987  
   2   956   1     0     1     1  2.90       1.90       0.001987  
   2   957   1     0     1     1  2.90       1.90       0.001987  
   2   958   1     0     1     1  2.90       1.90       0.001987  
   2   959   1     0     1     1  2.91       1.91       0.001987  
   2   960   1     0     1     1  2.91       1.91       0.001987  
   2   961   1     0     1     1  2.91       1.91       0.001987  
   2   962   1     0     1     1  2.91       1.91       0.001987  
   2   963   1     0     1     1  2.91       1.91       0.001987  
   2   964   1     0     1     1  2.92       1.92       0.001987  
   2   965   1     0     1     1  2.92       1.92       0.001987  
   2   966   1     0     1     1  2.92       1.92       0.001987  
   2   967   1     0     1     1  2.92       1.92       0.001987  
   2   968   1     0     1     1  2.92       1.92       0.001987  
   2   969   1     0     1     1  2.93       1.93       0.001987  
   2   970   1     0     1     1  2.93       1.93       0.001987  
   2   971   1     0     1     1  2.93       1.93       0.001987  
   2   972   1     0     1     1  2.93       1.93       0.001987  
   2   973   1     0     1     1  2.93       1.93       0.001987  
   2   974   1     0     1     1  2.94       1.94       0.001987  
   2   975   1     0     1     1  2.94       1.94       0.001987  
   2   976   1     0     1     1  2.94       1.94       0.001987  
   2   977   1     0     1     1  2.94       1.94       0.001987  
   2   978   1     0     1     1  2.94       1.94       0.001987  
   2   979   1     0     1     1  2.95       1.95       0.001987  
   2   980   1     0     1     1  2.95       1.95       0.001987  
   2   981   1     0     1     1  2.95       1.95       0.001987  
   2   982   1     0     1     1  2.95       1.95       0.001987  
   2   983   1     0     1     1  2.95       1.95       0.001987  
   2   984   1     0     1     1  2.96       1.96       0.001987  
   2   985   1     0     1     1  2.96       1.96       0.001987  
   2   986   1     0     1     1  2.96       1.96       0.001987  
   2   987   1     0     1     1  2.96       1.96       0.001987  
   2   988   1     0     1     1  2.96       1.96       0.001987  
   2   989   1     0     1     1  2.97       1.97       0.001987  
   2   990   1     0     1     1  2.97       1.97       0.001987  
   2   991   1     0     1     1  2.97       1.97       0.001987  
   2   992   1     0     1     1  2.97       1.97       0.001987  
   2   993   1     0     1     1  2.97       1.97       0.001987  
   2   994   1     0     1     1  2.97       1.97       0.001987  
   2   995   1     0     1     1  2.98       1.98       0.001987  
   2   996   1     0     1     1  2.98       1.98       0.001987  
   2   997   1     0     1     1  2.98       1.98       0.001987  
   2   998   1     0     1     1  2.98       1.98       0.001987  
   2   999   1     0     1     1  2.98       1.98       0.001987  
   2  1000   1     0     1     1  2.99       1.99       0.001987  
   2  1001   1     0     1     1  2.99       1.99       0.001987  
   2  1002   1     0     1     1  2.99       1.99       0.001987  
   2  1003   1     0     1     1  2.99       1.99       0.001987  
   2  1004   1     0     1     1  2.99       1.99       0.001987  
   2  1005   1     0     1     1  3.00       2.00       0.001987  
   2  1006   1     0     1     1  3.00       2.00       0.001987  
   2  1007   1     0     1     1  3.00       2.00       0.001161  
                          
 THE ANALYSIS HAS COMPLETED SUCCESSFULLY
