 Abaqus/Standard 2025                  DATE 04-Oct-2026 TIME 20:33:43
 SUMMARY OF JOB INFORMATION:
 STEP  INC ATT SEVERE EQUIL TOTAL  TOTAL      STEP       INC OF       DOF    IF
               DISCON ITERS ITERS  TIME/    TIME/LPF    TIME/LPF    MONITOR RIKS
               ITERS               FREQ
   1     1   1     0     1     1  0.00100    0.00100    0.001000  
   1     2   1     0     1     1  0.00200    0.00200    0.001000  
   1     3   1     0     1     1  0.00350    0.00350    0.001500  
   1     4   1     0     1     1  0.00550    0.00550    0.002000  
   1     5   1     0     1     1  0.00750    0.00750    0.002000  
   1     6   1     0     1     1  0.00950    0.00950    0.002000  
   1     7   1     0     1     1  0.0115     0.0115     0.002000  
   1     8   1     0     1     1  0.0135     0.0135     0.002000  
   1     9   1     0     1     1  0.0155     0.0155     0.002000  
   1    10   1     0     1     1  0.0175     0.0175     0.002000  
   1    11   1     0     1     1  0.0195     0.0195     0.002000  
   1    12   1     0     1     1  0.0215     0.0215     0.002000  
   1    13   1     0     1     1  0.0235     0.0235     0.002000  
   1    14   1     0     1     1  0.0255     0.0255     0.002000  
   1    15   1     0     1     1  0.0275     0.0275     0.002000  
   1    16   1     0     1     1  0.0295     0.0295     0.002000  
   1    17   1     0     1     1  0.0315     0.0315     0.002000  
   1    18   1     0     1     1  0.0335     0.0335     0.002000  
   1    19   1     0     1     1  0.0355     0.0355     0.002000  
   1    20   1     0     1     1  0.0375     0.0375     0.002000  
   1    21   1     0     1     1  0.0395     0.0395     0.002000  
   1    22   1     0     1     1  0.0415     0.0415     0.002000  
   1    23   1     0     1     1  0.0435     0.0435     0.002000  
   1    24   1     0     1     1  0.0455     0.0455     0.002000  
   1    25   1     0     1     1  0.0475     0.0475     0.002000  
   1    26   1     0     1     1  0.0495     0.0495     0.002000  
   1    27   1     0     1     1  0.0515     0.0515     0.002000  
   1    28   1     0     1     1  0.0535     0.0535     0.002000  
   1    29   1     0     1     1  0.0555     0.0555     0.002000  
   1    30   1     0     1     1  0.0575     0.0575     0.002000  
   1    31   1     0     1     1  0.0584     0.0584     0.0008811 
   1    32   1     0     1     1  0.0604     0.0604     0.002000  
   1    33   1     0     1     1  0.0624     0.0624     0.002000  
   1    34   1     0     1     1  0.0644     0.0644     0.002000  
   1    35   1     0     1     1  0.0664     0.0664     0.002000  
   1    36   1     0     1     1  0.0684     0.0684     0.002000  
   1    37   1     0     1     1  0.0704     0.0704     0.002000  
   1    38   1     0     1     1  0.0724     0.0724     0.002000  
   1    39   1     0     1     1  0.0744     0.0744     0.002000  
   1    40   1     0     1     1  0.0764     0.0764     0.002000  
   1    41   1     0     1     1  0.0784     0.0784     0.002000  
   1    42   1     0     1     1  0.0804     0.0804     0.002000  
   1    43   1     0     1     1  0.0824     0.0824     0.002000  
   1    44   1     0     1     1  0.0844     0.0844     0.002000  
   1    45   1     0     1     1  0.0864     0.0864     0.002000  
   1    46   1     0     1     1  0.0884     0.0884     0.002000  
   1    47   1     0     1     1  0.0904     0.0904     0.002000  
   1    48   1     0     1     1  0.0924     0.0924     0.002000  
   1    49   1     0     1     1  0.0944     0.0944     0.002000  
   1    50   1     0     1     1  0.0964     0.0964     0.002000  
   1    51   1     0     1     1  0.0984     0.0984     0.002000  
   1    52   1     0     1     1  0.100      0.100      0.002000  
   1    53   1     0     1     1  0.102      0.102      0.002000  
   1    54   1     0     1     1  0.104      0.104      0.002000  
   1    55   1     0     1     1  0.106      0.106      0.002000  
   1    56   1     0     1     1  0.108      0.108      0.002000  
   1    57   1     0     1     1  0.110      0.110      0.002000  
   1    58   1     0     1     1  0.112      0.112      0.002000  
   1    59   1     0     1     1  0.114      0.114      0.002000  
   1    60   1     0     1     1  0.116      0.116      0.002000  
   1    61   1     0     1     1  0.118      0.118      0.002000  
   1    62   1     0     1     1  0.119      0.119      0.001051  
   1    63   1     0     1     1  0.121      0.121      0.002000  
   1    64   1     0     1     1  0.123      0.123      0.002000  
   1    65   1     0     1     1  0.125      0.125      0.002000  
   1    66   1     0     1     1  0.127      0.127      0.002000  
   1    67   1     0     1     1  0.129      0.129      0.002000  
   1    68   1     0     1     1  0.131      0.131      0.002000  
   1    69   1     0     1     1  0.133      0.133      0.002000  
   1    70   1     0     1     1  0.135      0.135      0.002000  
   1    71   1     0     1     1  0.137      0.137      0.002000  
   1    72   1     0     1     1  0.139      0.139      0.002000  
   1    73   1     0     1     1  0.141      0.141      0.002000  
   1    74   1     0     1     1  0.143      0.143      0.002000  
   1    75   1     0     1     1  0.145      0.145      0.002000  
   1    76   1     0     1     1  0.147      0.147      0.002000  
   1    77   1     0     1     1  0.149      0.149      0.002000  
   1    78   1     0     1     1  0.151      0.151      0.002000  
   1    79   1     0     1     1  0.153      0.153      0.002000  
   1    80   1     0     1     1  0.155      0.155      0.002000  
   1    81   1     0     1     1  0.157      0.157      0.002000  
   1    82   1     0     1     1  0.159      0.159      0.002000  
   1    83   1     0     1     1  0.161      0.161      0.002000  
   1    84   1     0     1     1  0.163      0.163      0.002000  
   1    85   1     0     1     1  0.165      0.165      0.002000  
   1    86   1     0     1     1  0.167      0.167      0.002000  
   1    87   1     0     1     1  0.169      0.169      0.002000  
   1    88   1     0     1     1  0.171      0.171      0.002000  
   1    89   1     0     1     1  0.173      0.173      0.002000  
   1    90   1     0     1     1  0.175      0.175      0.002000  
   1    91   1     0     1     1  0.177      0.177      0.002000  
   1    92   1     0     1     1  0.179      0.179      0.002000  
   1    93   1     0     1     1  0.180      0.180      0.001051  
   1    94   1     0     1     1  0.182      0.182      0.002000  
   1    95   1     0     1     1  0.184      0.184      0.002000  
   1    96   1     0     1     1  0.186      0.186      0.002000  
   1    97   1     0     1     1  0.188      0.188      0.002000  
   1    98   1     0     1     1  0.190      0.190      0.002000  
   1    99   1     0     1     1  0.192      0.192      0.002000  
   1   100   1     0     1     1  0.194      0.194      0.002000  
   1   101   1     0     1     1  0.196      0.196      0.002000  
   1   102   1     0     1     1  0.198      0.198      0.002000  
   1   103   1     0     1     1  0.200      0.200      0.002000  
   1   104   1     0     1     1  0.202      0.202      0.002000  
   1   105   1     0     1     1  0.204      0.204      0.002000  
   1   106   1     0     1     1  0.206      0.206      0.002000  
   1   107   1     0     1     1  0.208      0.208      0.002000  
   1   108   1     0     1     1  0.210      0.210      0.002000  
   1   109   1     0     1     1  0.212      0.212      0.002000  
   1   110   1     0     1     1  0.214      0.214      0.002000  
   1   111   1     0     1     1  0.216      0.216      0.002000  
   1   112   1     0     1     1  0.218      0.218      0.002000  
   1   113   1     0     1     1  0.220      0.220      0.002000  
   1   114   1     0     1     1  0.222      0.222      0.002000  
   1   115   1     0     1     1  0.224      0.224      0.002000  
   1   116   1     0     1     1  0.226      0.226      0.002000  
   1   117   1     0     1     1  0.228      0.228      0.002000  
   1   118   1     0     1     1  0.230      0.230      0.002000  
   1   119   1     0     1     1  0.232      0.232      0.002000  
   1   120   1     0     1     1  0.234      0.234      0.002000  
   1   121   1     0     1     1  0.236      0.236      0.002000  
   1   122   1     0     1     1  0.238      0.238      0.002000  
   1   123   1     0     1     1  0.240      0.240      0.002000  
   1   124   1     0     1     1  0.242      0.242      0.002000  
   1   125   1     0     1     1  0.244      0.244      0.002000  
   1   126   1     0     1     1  0.246      0.246      0.002000  
   1   127   1     0     1     1  0.248      0.248      0.002000  
   1   128   1     0     1     1  0.250      0.250      0.002000  
   1   129   1     0     1     1  0.252      0.252      0.002000  
   1   130   1     0     1     1  0.254      0.254      0.002000  
   1   131   1     0     1     1  0.256      0.256      0.002000  
   1   132   1     0     1     1  0.258      0.258      0.002000  
   1   133   1     0     1     1  0.260      0.260      0.002000  
   1   134   1     0     1     1  0.262      0.262      0.002000  
   1   135   1     0     1     1  0.264      0.264      0.002000  
   1   136   1     0     1     1  0.266      0.266      0.002000  
   1   137   1     0     1     1  0.268      0.268      0.002000  
   1   138   1     0     1     1  0.270      0.270      0.002000  
   1   139   1     0     1     1  0.272      0.272      0.002000  
   1   140   1     0     1     1  0.274      0.274      0.002000  
   1   141   1     0     1     1  0.276      0.276      0.002000  
   1   142   1     0     1     1  0.278      0.278      0.002000  
   1   143   1     0     1     1  0.280      0.280      0.002000  
   1   144   1     0     1     1  0.282      0.282      0.002000  
   1   145   1     0     1     1  0.284      0.284      0.002000  
   1   146   1     0     1     1  0.286      0.286      0.002000  
   1   147   1     0     1     1  0.288      0.288      0.002000  
   1   148   1     0     1     1  0.290      0.290      0.002000  
   1   149   1     0     1     1  0.292      0.292      0.002000  
   1   150   1     0     1     1  0.294      0.294      0.002000  
   1   151   1     0     1     1  0.296      0.296      0.002000  
   1   152   1     0     1     1  0.298      0.298      0.002000  
   1   153   1     0     1     1  0.300      0.300      0.002000  
   1   154   1     0     1     1  0.302      0.302      0.002000  
   1   155   1     0     1     1  0.304      0.304      0.002000  
   1   156   1     0     1     1  0.306      0.306      0.002000  
   1   157   1     0     1     1  0.308      0.308      0.002000  
   1   158   1     0     1     1  0.310      0.310      0.002000  
   1   159   1     0     1     1  0.312      0.312      0.002000  
   1   160   1     0     1     1  0.314      0.314      0.001778  
   1   161   1     0     1     1  0.316      0.316      0.002000  
   1   162   1     0     1     1  0.318      0.318      0.002000  
   1   163   1     0     1     1  0.320      0.320      0.002000  
   1   164   1     0     1     1  0.322      0.322      0.002000  
   1   165   1     0     1     1  0.324      0.324      0.002000  
   1   166   1     0     1     1  0.326      0.326      0.002000  
   1   167   1     0     1     1  0.328      0.328      0.002000  
   1   168   1     0     1     1  0.330      0.330      0.002000  
   1   169   1     0     1     1  0.332      0.332      0.002000  
   1   170   1     0     1     1  0.334      0.334      0.002000  
   1   171   1     0     1     1  0.336      0.336      0.002000  
   1   172   1     0     1     1  0.338      0.338      0.002000  
   1   173   1     0     1     1  0.340      0.340      0.002000  
   1   174   1     0     1     1  0.342      0.342      0.002000  
   1   175   1     0     1     1  0.344      0.344      0.002000  
   1   176   1     0     1     1  0.346      0.346      0.002000  
   1   177   1     0     1     1  0.348      0.348      0.002000  
   1   178   1     0     1     1  0.350      0.350      0.002000  
   1   179   1     0     1     1  0.352      0.352      0.002000  
   1   180   1     0     1     1  0.354      0.354      0.002000  
   1   181   1     0     1     1  0.356      0.356      0.002000  
   1   182   1     0     1     1  0.358      0.358      0.002000  
   1   183   1     0     1     1  0.360      0.360      0.002000  
   1   184   1     0     1     1  0.362      0.362      0.002000  
   1   185   1     0     1     1  0.364      0.364      0.002000  
   1   186   1     0     1     1  0.366      0.366      0.002000  
   1   187   1     0     1     1  0.368      0.368      0.002000  
   1   188   1     0     1     1  0.370      0.370      0.002000  
   1   189   1     0     1     1  0.372      0.372      0.002000  
   1   190   1     0     1     1  0.374      0.374      0.002000  
   1   191   1     0     1     1  0.376      0.376      0.002000  
   1   192   1     0     1     1  0.378      0.378      0.002000  
   1   193   1     0     1     1  0.380      0.380      0.002000  
   1   194   1     0     1     1  0.382      0.382      0.002000  
   1   195   1     0     1     1  0.384      0.384      0.002000  
   1   196   1     0     1     1  0.386      0.386      0.002000  
   1   197   1     0     1     1  0.388      0.388      0.002000  
   1   198   1     0     1     1  0.390      0.390      0.002000  
   1   199   1     0     1     1  0.392      0.392      0.002000  
   1   200   1     0     1     1  0.394      0.394      0.002000  
   1   201   1     0     1     1  0.396      0.396      0.002000  
   1   202   1     0     1     1  0.398      0.398      0.002000  
   1   203   1     0     1     1  0.400      0.400      0.002000  
   1   204   1     0     1     1  0.402      0.402      0.002000  
   1   205   1     0     1     1  0.404      0.404      0.002000  
   1   206   1     0     1     1  0.406      0.406      0.002000  
   1   207   1     0     1     1  0.408      0.408      0.002000  
   1   208   1     0     1     1  0.410      0.410      0.002000  
   1   209   1     0     1     1  0.412      0.412      0.002000  
   1   210   1     0     1     1  0.414      0.414      0.002000  
   1   211   1     0     1     1  0.416      0.416      0.002000  
   1   212   1     0     1     1  0.418      0.418      0.002000  
   1   213   1     0     1     1  0.420      0.420      0.002000  
   1   214   1     0     1     1  0.422      0.422      0.002000  
   1   215   1     0     1     1  0.424      0.424      0.002000  
   1   216   1     0     1     1  0.426      0.426      0.002000  
   1   217   1     0     1     1  0.428      0.428      0.002000  
   1   218   1     0     1     1  0.430      0.430      0.002000  
   1   219   1     0     1     1  0.432      0.432      0.002000  
   1   220   1     0     1     1  0.434      0.434      0.002000  
   1   221   1     0     1     1  0.436      0.436      0.002000  
   1   222   1     0     1     1  0.438      0.438      0.002000  
   1   223   1     0     1     1  0.440      0.440      0.002000  
   1   224   1     0     1     1  0.442      0.442      0.002000  
   1   225   1     0     1     1  0.444      0.444      0.002000  
   1   226   1     0     1     1  0.446      0.446      0.002000  
   1   227   1     0     1     1  0.448      0.448      0.002000  
   1   228   1     0     1     1  0.450      0.450      0.002000  
   1   229   1     0     1     1  0.451      0.451      0.0006974 
   1   230   1     0     1     1  0.453      0.453      0.002000  
   1   231   1     0     1     1  0.455      0.455      0.002000  
   1   232   1     0     1     1  0.457      0.457      0.002000  
   1   233   1     0     1     1  0.459      0.459      0.002000  
   1   234   1     0     1     1  0.461      0.461      0.002000  
   1   235   1     0     1     1  0.463      0.463      0.002000  
   1   236   1     0     1     1  0.465      0.465      0.002000  
   1   237   1     0     1     1  0.467      0.467      0.002000  
   1   238   1     0     1     1  0.469      0.469      0.002000  
   1   239   1     0     1     1  0.471      0.471      0.002000  
   1   240   1     0     1     1  0.473      0.473      0.002000  
   1   241   1     0     1     1  0.475      0.475      0.002000  
   1   242   1     0     1     1  0.477      0.477      0.002000  
   1   243   1     0     1     1  0.479      0.479      0.002000  
   1   244   1     0     1     1  0.481      0.481      0.002000  
   1   245   1     0     1     1  0.483      0.483      0.002000  
   1   246   1     0     1     1  0.485      0.485      0.002000  
   1   247   1     0     1     1  0.487      0.487      0.002000  
   1   248   1     0     1     1  0.489      0.489      0.002000  
   1   249   1     0     1     1  0.491      0.491      0.002000  
   1   250   1     0     1     1  0.493      0.493      0.002000  
   1   251   1     0     1     1  0.495      0.495      0.002000  
   1   252   1     0     1     1  0.497      0.497      0.002000  
   1   253   1     0     1     1  0.499      0.499      0.002000  
   1   254   1     0     1     1  0.501      0.501      0.002000  
   1   255   1     0     1     1  0.503      0.503      0.002000  
   1   256   1     0     1     1  0.505      0.505      0.002000  
   1   257   1     0     1     1  0.507      0.507      0.002000  
   1   258   1     0     1     1  0.509      0.509      0.002000  
   1   259   1     0     1     1  0.511      0.511      0.002000  
   1   260   1     0     1     1  0.513      0.513      0.002000  
   1   261   1     0     1     1  0.515      0.515      0.002000  
   1   262   1     0     1     1  0.517      0.517      0.002000  
   1   263   1     0     1     1  0.519      0.519      0.002000  
   1   264   1     0     1     1  0.521      0.521      0.002000  
   1   265   1     0     1     1  0.523      0.523      0.002000  
   1   266   1     0     1     1  0.525      0.525      0.002000  
   1   267   1     0     1     1  0.527      0.527      0.002000  
   1   268   1     0     1     1  0.529      0.529      0.002000  
   1   269   1     0     1     1  0.531      0.531      0.002000  
   1   270   1     0     1     1  0.533      0.533      0.002000  
   1   271   1     0     1     1  0.535      0.535      0.002000  
   1   272   1     0     1     1  0.537      0.537      0.002000  
   1   273   1     0     1     1  0.539      0.539      0.002000  
   1   274   1     0     1     1  0.541      0.541      0.002000  
   1   275   1     0     1     1  0.543      0.543      0.002000  
   1   276   1     0     1     1  0.545      0.545      0.002000  
   1   277   1     0     1     1  0.547      0.547      0.002000  
   1   278   1     0     1     1  0.549      0.549      0.002000  
   1   279   1     0     1     1  0.551      0.551      0.002000  
   1   280   1     0     1     1  0.553      0.553      0.002000  
   1   281   1     0     1     1  0.555      0.555      0.002000  
   1   282   1     0     1     1  0.557      0.557      0.002000  
   1   283   1     0     1     1  0.559      0.559      0.002000  
   1   284   1     0     1     1  0.561      0.561      0.002000  
   1   285   1     0     1     1  0.563      0.563      0.002000  
   1   286   1     0     1     1  0.565      0.565      0.002000  
   1   287   1     0     1     1  0.567      0.567      0.002000  
   1   288   1     0     1     1  0.569      0.569      0.002000  
   1   289   1     0     1     1  0.571      0.571      0.002000  
   1   290   1     0     1     1  0.573      0.573      0.002000  
   1   291   1     0     1     1  0.575      0.575      0.002000  
   1   292   1     0     1     1  0.577      0.577      0.002000  
   1   293   1     0     1     1  0.579      0.579      0.002000  
   1   294   1     0     1     1  0.581      0.581      0.002000  
   1   295   1     0     1     1  0.583      0.583      0.002000  
   1   296   1     0     1     1  0.585      0.585      0.002000  
   1   297   1     0     1     1  0.587      0.587      0.002000  
   1   298   1     0     1     1  0.588      0.588      0.0006974 
   1   299   1     0     1     1  0.590      0.590      0.002000  
   1   300   1     0     1     1  0.592      0.592      0.002000  
   1   301   1     0     1     1  0.594      0.594      0.002000  
   1   302   1     0     1     1  0.596      0.596      0.002000  
   1   303   1     0     1     1  0.598      0.598      0.002000  
   1   304   1     0     1     1  0.600      0.600      0.002000  
   1   305   1     0     1     1  0.602      0.602      0.002000  
   1   306   1     0     1     1  0.604      0.604      0.002000  
   1   307   1     0     1     1  0.606      0.606      0.002000  
   1   308   1     0     1     1  0.608      0.608      0.002000  
   1   309   1     0     1     1  0.610      0.610      0.002000  
   1   310   1     0     1     1  0.612      0.612      0.002000  
   1   311   1     0     1     1  0.614      0.614      0.002000  
   1   312   1     0     1     1  0.616      0.616      0.002000  
   1   313   1     0     1     1  0.618      0.618      0.002000  
   1   314   1     0     1     1  0.620      0.620      0.002000  
   1   315   1     0     1     1  0.622      0.622      0.002000  
   1   316   1     0     1     1  0.624      0.624      0.002000  
   1   317   1     0     1     1  0.626      0.626      0.002000  
   1   318   1     0     1     1  0.628      0.628      0.002000  
   1   319   1     0     1     1  0.630      0.630      0.002000  
   1   320   1     0     1     1  0.632      0.632      0.002000  
   1   321   1     0     1     1  0.634      0.634      0.002000  
   1   322   1     0     1     1  0.636      0.636      0.002000  
   1   323   1     0     1     1  0.638      0.638      0.002000  
   1   324   1     0     1     1  0.640      0.640      0.002000  
   1   325   1     0     1     1  0.642      0.642      0.002000  
   1   326   1     0     1     1  0.644      0.644      0.002000  
   1   327   1     0     1     1  0.646      0.646      0.002000  
   1   328   1     0     1     1  0.648      0.648      0.002000  
   1   329   1     0     1     1  0.650      0.650      0.002000  
   1   330   1     0     1     1  0.652      0.652      0.002000  
   1   331   1     0     1     1  0.654      0.654      0.002000  
   1   332   1     0     1     1  0.656      0.656      0.002000  
   1   333   1     0     1     1  0.658      0.658      0.002000  
   1   334   1     0     1     1  0.660      0.660      0.002000  
   1   335   1     0     1     1  0.662      0.662      0.002000  
   1   336   1     0     1     1  0.664      0.664      0.002000  
   1   337   1     0     1     1  0.666      0.666      0.002000  
   1   338   1     0     1     1  0.668      0.668      0.002000  
   1   339   1     0     1     1  0.670      0.670      0.002000  
   1   340   1     0     1     1  0.672      0.672      0.002000  
   1   341   1     0     1     1  0.674      0.674      0.002000  
   1   342   1     0     1     1  0.676      0.676      0.002000  
   1   343   1     0     1     1  0.678      0.678      0.002000  
   1   344   1     0     1     1  0.680      0.680      0.002000  
   1   345   1     0     1     1  0.682      0.682      0.002000  
   1   346   1     0     1     1  0.684      0.684      0.002000  
   1   347   1     0     1     1  0.686      0.686      0.002000  
   1   348   1     0     1     1  0.688      0.688      0.002000  
   1   349   1     0     1     1  0.690      0.690      0.002000  
   1   350   1     0     1     1  0.692      0.692      0.002000  
   1   351   1     0     1     1  0.694      0.694      0.002000  
   1   352   1     0     1     1  0.696      0.696      0.002000  
   1   353   1     0     1     1  0.698      0.698      0.002000  
   1   354   1     0     1     1  0.700      0.700      0.002000  
   1   355   1     0     1     1  0.702      0.702      0.002000  
   1   356   1     0     1     1  0.704      0.704      0.002000  
   1   357   1     0     1     1  0.706      0.706      0.002000  
   1   358   1     0     1     1  0.708      0.708      0.002000  
   1   359   1     0     1     1  0.710      0.710      0.002000  
   1   360   1     0     1     1  0.712      0.712      0.002000  
   1   361   1     0     1     1  0.714      0.714      0.002000  
   1   362   1     0     1     1  0.716      0.716      0.002000  
   1   363   1     0     1     1  0.718      0.718      0.002000  
   1   364   1     0     1     1  0.720      0.720      0.002000  
   1   365   1     0     1     1  0.722      0.722      0.002000  
   1   366   1     0     1     1  0.724      0.724      0.002000  
   1   367   1     0     1     1  0.726      0.726      0.002000  
   1   368   1     0     1     1  0.728      0.728      0.002000  
   1   369   1     0     1     1  0.728      0.728      0.0002002 
                          
 THE ANALYSIS HAS COMPLETED SUCCESSFULLY
