 Abaqus/Standard 2025                  DATE 04-Oct-2026 TIME 20:33:59
 SUMMARY OF JOB INFORMATION:
 STEP  INC ATT SEVERE EQUIL TOTAL  TOTAL      STEP       INC OF       DOF    IF
               DISCON ITERS ITERS  TIME/    TIME/LPF    TIME/LPF    MONITOR RIKS
               ITERS               FREQ
   1     1   1     0     2     2  0.0500     0.0500     0.05000   
   1     2   1     0     2     2  0.100      0.100      0.05000   
   1     3   1     0     2     2  0.175      0.175      0.07500   
   1     4   1     0     2     2  0.275      0.275      0.1000    
   1     5   1     0     2     2  0.375      0.375      0.1000    
   1     6   1     0     2     2  0.475      0.475      0.1000    
   1     7   1     0     2     2  0.575      0.575      0.1000    
   1     8   1     0     2     2  0.675      0.675      0.1000    
   1     9   1     0     2     2  0.775      0.775      0.1000    
   1    10   1     0     2     2  0.875      0.875      0.1000    
   1    11   1     0     2     2  0.975      0.975      0.1000    
   1    12   1     0     2     2  1.00       1.00       0.02500   
   2     1   1     0     0     0  1.00       1.00e-36   1.000e-36 
   3     1   1     0     1     1  1.00       2.22e-16   2.220e-16 
   4     1   1     0     1     1  1.00       2.22e-16   2.220e-16 
                          
 THE ANALYSIS HAS COMPLETED SUCCESSFULLY
