 Abaqus/Standard 2025                  DATE 19-8ÔÂ-2026 TIME 17:32:17
 SUMMARY OF JOB INFORMATION:
 STEP  INC ATT SEVERE EQUIL TOTAL  TOTAL      STEP       INC OF       DOF    IF
               DISCON ITERS ITERS  TIME/    TIME/LPF    TIME/LPF    MONITOR RIKS
               ITERS               FREQ
   1     1   1     0     2     2  0.0200     0.0200     0.02000   
   1     2   1     0     1     1  0.0400     0.0400     0.02000   
   1     3   1     0     1     1  0.0700     0.0700     0.03000   
   1     4   1     0     1     1  0.115      0.115      0.04500   
   1     5   1     0     1     1  0.165      0.165      0.05000   
   1     6   1     0     1     1  0.215      0.215      0.05000   
   1     7   1     0     1     1  0.265      0.265      0.05000   
   1     8   1     0     1     1  0.315      0.315      0.05000   
   1     9   1     0     1     1  0.365      0.365      0.05000   
   1    10   1     0     1     1  0.415      0.415      0.05000   
   1    11   1     0     1     1  0.465      0.465      0.05000   
   1    12   1     0     1     1  0.515      0.515      0.05000   
   1    13   1     0     1     1  0.565      0.565      0.05000   
   1    14   1     0     1     1  0.615      0.615      0.05000   
   1    15   1     0     1     1  0.665      0.665      0.05000   
   1    16   1     0     1     1  0.715      0.715      0.05000   
   1    17   1     0     1     1  0.765      0.765      0.05000   
   1    18   1     0     1     1  0.815      0.815      0.05000   
   1    19   1     0     1     1  0.865      0.865      0.05000   
   1    20   1     0     1     1  0.915      0.915      0.05000   
   1    21   1     0     1     1  0.965      0.965      0.05000   
   1    22   1     0     1     1  1.00       1.00       0.03500   
   2     1   1U    0     4     4             0.00       3.333e-06             R
   2     1   2     0     2     2             8.33e-07   8.333e-07             R
   2     2   1     0     2     2             1.67e-06   8.333e-07             R
   2     3   1     0     2     2             2.92e-06   1.250e-06             R
   2     4   1     0     1     1             4.79e-06   1.875e-06             R
   2     5   1     0     1     1             7.60e-06   2.813e-06             R
   2     6   1     0     1     1             1.18e-05   4.219e-06             R
   2     7   1     0     1     1             1.82e-05   6.328e-06             R
   2     8   1     0     1     1             2.76e-05   9.492e-06             R
   2     9   1     0     2     2             4.19e-05   1.424e-05             R
   2    10   1     0     4     4             6.32e-05   2.136e-05             R
   2    11   1     0     3     3             9.53e-05   3.204e-05             R
   2    12   1     0     3     3             0.000143   4.805e-05             R
   2    13   1     0     5     5             0.000215   7.208e-05             R
   2    14   1     0     3     3             0.000287   7.208e-05             R
   2    15   1     0     5     5             0.000360   7.208e-05             R
   2    16   1     0     4     4             0.000432   7.208e-05             R
   2    17   1     0     5     5             0.000504   7.208e-05             R
   2    18   1U    0     5     5             0.000504   7.208e-05             R
   2    18   2     0     2     2             0.000522   1.802e-05             R
   2    19   1     0     1     1             0.000540   1.802e-05             R
   2    20   1     0     4     4             0.000567   2.703e-05             R
   2    21   1     0     3     3             0.000607   4.055e-05             R
   2    22   1     0     4     4             0.000668   6.082e-05             R
   2    23   1     0     3     3             0.000759   9.123e-05             R
   2    24   1     0     3     3             0.000896   0.0001368             R
   2    25   1     0     3     3             0.00110    0.0002053             R
   2    26   1     0     4     4             0.00141    0.0003079             R
   2    27   1     0     3     3             0.00187    0.0004618             R
   2    28   1     0     3     3             0.00256    0.0006928             R
   2    29   1     0     3     3             0.00360    0.001039              R
   2    30   1     0     3     3             0.00516    0.001559              R
   2    31   1     0     3     3             0.00683    0.001667              R
   2    32   1     0     3     3             0.00849    0.001667              R
   2    33   1     0     6     6             0.0102     0.001667              R
   2    34   1     0     5     5             0.0118     0.001667              R
   2    35   1     0     4     4             0.0135     0.001667              R
   2    36   1     0     6     6             0.0152     0.001667              R
   2    37   1     0     3     3             0.0168     0.001667              R
   2    38   1U    0     5     5             0.0168     0.001667              R
   2    38   2     0     5     5             0.0172     0.0004166             R
   2    39   1     0     3     3             0.0177     0.0004166             R
   2    40   1     0     3     3             0.0181     0.0004166             R
   2    41   1U    0     6     6             0.0181     0.0006249             R
   2    41   2     0     3     3             0.0183     0.0002344             R
   2    42   1     0     4     4             0.0187     0.0003515             R
   2    43   1     0     3     3             0.0192     0.0005273             R
   2    44   1     0     4     4             0.0200     0.0007909             R
   2    45   1     0     5     5             0.0212     0.001186              R
   2    46   1U    0     7     7             0.0212     0.001186              R
   2    46   2     0     3     3             0.0215     0.0002966             R
   2    47   1     0     3     3             0.0218     0.0002966             R
   2    48   1     0     3     3             0.0222     0.0004449             R
   2    49   1     0     6     6             0.0229     0.0006673             R
   2    50   1     0     7     7             0.0235     0.0006673             R
   2    51   1     0     4     4             0.0242     0.0006673             R
   2    52   1     0     3     3             0.0249     0.0006673             R
   2    53   1     0     3     3             0.0259     0.001001              R
   2    54   1     0     3     3             0.0274     0.001501              R
   2    55   1     0     4     4             0.0296     0.002252              R
   2    56   1     0     4     4             0.0321     0.002500              R
   2    57   1     0     6     6             0.0346     0.002500              R
   2    58   1     0     5     5             0.0371     0.002500              R
   2    59   1     0     5     5             0.0396     0.002499              R
   2    60   1     0     5     5             0.0421     0.002499              R
   2    61   1     0     5     5             0.0446     0.002499              R
   2    62   1     0     7     7             0.0471     0.002499              R
   2    63   1     0     5     5             0.0496     0.002499              R
   2    64   1     0     4     4             0.0521     0.002499              R
   2    65   1     0     4     4             0.0546     0.002499              R
   2    66   1     0     7     7             0.0571     0.002499              R
   2    67   1     0     7     7             0.0596     0.002499              R
   2    68   1     0     4     4             0.0621     0.002499              R
   2    69   1U    0     6     6             0.0621     0.002499              R
   2    69   2     0     3     3             0.0627     0.0006248             R
   2    70   1     0     3     3             0.0637     0.0009372             R
   2    71   1     0     4     4             0.0651     0.001406              R
   2    72   1     0     6     6             0.0672     0.002109              R
   2    73   1     0     5     5             0.0693     0.002109              R
   2    74   1     0     4     4             0.0714     0.002109              R
   2    75   1     0     6     6             0.0735     0.002109              R
   2    76   1     0     3     3             0.0756     0.002109              R
   2    77   1     0     6     6             0.0777     0.002109              R
   2    78   1     0     4     4             0.0798     0.002108              R
   2    79   1     0     4     4             0.0820     0.002108              R
   2    80   1U    0     7     7             0.0820     0.002499              R
   2    80   2     0     4     4             0.0827     0.0007404             R
   2    81   1     0     3     3             0.0838     0.001111              R
   2    82   1     0     3     3             0.0855     0.001666              R
   2    83   1     0     6     6             0.0880     0.002499              R
   2    84   1     0     4     4             0.0905     0.002499              R
   2    85   1     0     5     5             0.0930     0.002499              R
   2    86   1     0     4     4             0.0955     0.002499              R
   2    87   1U    0     7     7             0.0955     0.002499              R
   2    87   2     0     3     3             0.0961     0.0006247             R
   2    88   1     0     4     4             0.0970     0.0009370             R
   2    89   1     0     6     6             0.0984     0.001406              R
   2    90   1     0     4     4             0.0998     0.001405              R
   2    91   1     0     4     4             0.101      0.001405              R
   2    92   1     0     5     5             0.103      0.002108              R
   2    93   1     0     4     4             0.105      0.002108              R
   2    94   1     0     3     3             0.108      0.002108              R
   2    95   1     0     6     6             0.111      0.002961              R
   2    96   1     0     4     4             0.113      0.002961              R
   2    97   1     0     4     4             0.116      0.002961              R
   2    98   1     0     6     6             0.119      0.002961              R
   2    99   1     0     5     5             0.122      0.002961              R
   2   100   1     0     4     4             0.125      0.002961              R
   2   101   1     0     5     5             0.128      0.002961              R
   2   102   1     0     4     4             0.131      0.002961              R
   2   103   1     0     4     4             0.134      0.002961              R
   2   104   1     0     4     4             0.137      0.002961              R
   2   105   1     0     7     7             0.140      0.002961              R
   2   106   1     0     4     4             0.143      0.002961              R
   2   107   1     0     4     4             0.146      0.002961              R
   2   108   1     0     7     7             0.149      0.002961              R
   2   109   1     0     6     6             0.152      0.002961              R
   2   110   1     0     4     4             0.155      0.002961              R
   2   111   1     0     5     5             0.158      0.002960              R
   2   112   1     0     4     4             0.161      0.002960              R
   2   113   1     0     4     4             0.164      0.002960              R
   2   114   1     0     6     6             0.167      0.002960              R
   2   115   1     0     4     4             0.170      0.002960              R
   2   116   1     0     4     4             0.173      0.002960              R
   2   117   1     0     4     4             0.176      0.002960              R
   2   118   1     0     4     4             0.179      0.002960              R
   2   119   1     0     5     5             0.182      0.002960              R
   2   120   1     0     5     5             0.185      0.002960              R
   2   121   1     0     5     5             0.188      0.002960              R
   2   122   1     0     4     4             0.190      0.002960              R
   2   123   1     0     4     4             0.193      0.002960              R
   2   124   1     0     4     4             0.196      0.002960              R
   2   125   1     0     5     5             0.199      0.002960              R
   2   126   1     0     4     4             0.202      0.002960              R
   2   127   1     0     4     4             0.205      0.002960              R
   2   128   1     0     5     5             0.208      0.002960              R
   2   129   1     0     4     4             0.211      0.002960              R
   2   130   1U    0     7     7             0.211      0.002960              R
   2   130   2     0     4     4             0.212      0.0007399             R
   2   131   1     0     4     4             0.213      0.001110              R
   2   132   1     0     4     4             0.215      0.001665              R
   2   133   1     0     7     7             0.217      0.002497              R
   2   134   1     0     4     4             0.220      0.002497              R
   2   135   1U    0     5     5             0.220      0.002497              R
   2   135   2     0     6     6             0.220      0.0006243             R
   2   136   1     0     3     3             0.221      0.0006243             R
   2   137   1     0     3     3             0.222      0.0006243             R
   2   138   1     0     3     3             0.223      0.0009364             R
   2   139   1     0     3     3             0.224      0.001405              R
   2   140   1     0     4     4             0.226      0.002107              R
   2   141   1     0     5     5             0.229      0.002959              R
   2   142   1     0     6     6             0.232      0.002959              R
   2   143   1     0     5     5             0.235      0.002959              R
   2   144   1     0     4     4             0.238      0.002959              R
   2   145   1     0     5     5             0.241      0.002959              R
   2   146   1     0     6     6             0.244      0.002959              R
   2   147   1     0     5     5             0.247      0.002959              R
   2   148   1     0     4     4             0.250      0.002959              R
   2   149   1     0     5     5             0.253      0.002959              R
   2   150   1     0     6     6             0.256      0.002959              R
   2   151   1     0     4     4             0.259      0.002959              R
   2   152   1     0     5     5             0.262      0.002959              R
   2   153   1     0     4     4             0.264      0.002959              R
   2   154   1     0     4     4             0.267      0.002959              R
   2   155   1     0     4     4             0.270      0.002959              R
   2   156   1U    0     6     6             0.270      0.002959              R
   2   156   2     0     5     5             0.271      0.0007397             R
   2   157   1     0     3     3             0.272      0.0007397             R
   2   158   1     0     5     5             0.273      0.0007397             R
   2   159   1     0     3     3             0.273      0.0007397             R
   2   160   1     0     4     4             0.274      0.0007397             R
   2   161   1     0     4     4             0.275      0.001109              R
   2   162   1     0     4     4             0.277      0.001664              R
   2   163   1     0     5     5             0.279      0.002496              R
   2   164   1     0     4     4             0.282      0.002496              R
   2   165   1     0     4     4             0.284      0.002496              R
   2   166   1     0     6     6             0.287      0.002958              R
   2   167   1     0     4     4             0.290      0.002958              R
   2   168   1     0     4     4             0.293      0.002958              R
   2   169   1     0     4     4             0.296      0.002958              R
   2   170   1     0     5     5             0.299      0.002958              R
   2   171   1     0     5     5             0.302      0.002958              R
   2   172   1     0     4     4             0.305      0.002958              R
   2   173   1     0     5     5             0.308      0.002958              R
   2   174   1     0     4     4             0.311      0.002958              R
   2   175   1     0     4     4             0.314      0.002958              R
   2   176   1     0     6     6             0.317      0.002958              R
   2   177   1     0     6     6             0.320      0.002958              R
   2   178   1U    0     6     6             0.320      0.002958              R
   2   178   2     0     4     4             0.321      0.0007395             R
   2   179   1     0     5     5             0.321      0.0007395             R
   2   180   1     0     4     4             0.322      0.0007395             R
   2   181   1     0     3     3             0.323      0.0007395             R
   2   182   1     0     7     7             0.324      0.001109              R
   2   183   1     0     4     4             0.325      0.001109              R
   2   184   1     0     4     4             0.326      0.001109              R
   2   185   1U    0     5     5             0.326      0.001664              R
   2   185   2     0     3     3             0.327      0.0006239             R
   2   186   1     0     3     3             0.328      0.0009359             R
   2   187   1     0     4     4             0.329      0.001404              R
   2   188   1     0     4     4             0.331      0.002106              R
   2   189   1     0     6     6             0.334      0.003158              R
   2   190   1     0     5     5             0.338      0.003158              R
   2   191   1     0     6     6             0.341      0.003158              R
   2   192   1     0     5     5             0.344      0.003149              R
   2   193   1     0     6     6             0.347      0.003132              R
   2   194   1     0     5     5             0.350      0.003097              R
   2   195   1     0     4     4             0.353      0.003063              R
   2   196   1     0     4     4             0.356      0.003026              R
   2   197   1     0     4     4             0.360      0.004164              R
   2   198   1     0     4     4             0.364      0.004084              R
   2   199   1     0     8     8             0.368      0.003975              R
   2   200   1U    0     9     9             0.368      0.003847              R
   2   200   2     0     4     4             0.369      0.0009696             R
   2   201   1     0     5     5             0.370      0.0009645             R
   2   202   1     0     6     6             0.371      0.0009614             R
   2   203   1     0     4     4             0.372      0.0009527             R
   2   204   1     0     5     5             0.373      0.0009484             R
   2   205   1     0     4     4             0.374      0.0009401             R
   2   206   1     0     7     7             0.375      0.0009290             R
   2   207   1U    0     8     8             0.375      0.0009228             R
   2   207   2     0     6     6             0.375      0.0002309             R
   2   208   1     0     7     7             0.376      0.0002308             R
   2   209   1     0     6     6             0.376      0.0002306             R
   2   210   1     0     3     3             0.376      0.0002305             R
   2   211   1     0     3     3             0.376      0.0002305             R
   2   212   1     0     4     4             0.377      0.0003441             R
   2   213   1     0     6     6             0.377      0.0005047             R
   2   214   1     0     4     4             0.378      0.0004997             R
   2   215   1     0     3     3             0.378      0.0004942             R
   2   216   1     0     5     5             0.379      0.0007383             R
   2   217   1     0     4     4             0.380      0.0007332             R
   2   218   1     0     4     4             0.380      0.0007288             R
   2   219   1     0     5     5             0.381      0.001090              R
   2   220   1     0     4     4             0.382      0.001077              R
   2   221   1     0     5     5             0.383      0.001055              R
   2   222   1     0     4     4             0.385      0.001038              R
   2   223   1     0     5     5             0.386      0.001018              R
   2   224   1     0     4     4             0.387      0.0009954             R
   2   225   1     0     4     4             0.387      0.0009575             R
   2   226   1     0     4     4             0.389      0.001380              R
   2   227   1     0     6     6             0.391      0.002019              R
   2   228   1     0     7     7             0.393      0.001911              R
   2   229   1U    0     6     6             0.393      0.001630              R
   2   229   2     0     4     4             0.393      0.0004275             R
   2   230   1     0     4     4             0.394      0.0004158             R
   2   231   1     0     6     6             0.394      0.0005980             R
   2   232   1     0     4     4             0.395      0.0005785             R
   2   233   1     0     5     5             0.395      0.0005307             R
   2   234   1     0     4     4             0.396      0.0004970             R
   2   235   1U    0     5     5             0.396      0.0005793             R
   2   235   2     0     5     5             0.396      0.0001206             R
   2   236   1     0     4     4             0.396      0.0001193             R
   2   237   1     0     5     5             0.396      9.193e-05             R
   2   238   1     0     4     4             0.396      4.819e-05             R
   2   239   1     0     6     6             0.396      6.325e-05             R
   2   240   1     0     4     4             0.396      7.319e-05             R
   2   241   1     0     4     4             0.396      7.942e-05             R
   2   242   1     0     4     4             0.397      0.0001545             R
   2   243   1     0     4     4             0.397      0.0002598             R
   2   244   1     0     6     6             0.397      0.0003835             R
   2   245   1     0     6     6             0.398      0.0003657             R
   2   246   1     0     4     4             0.398      0.0003851             R
   2   247   1     0     6     6             0.398      0.0004079             R
   2   248   1     0     4     4             0.399      0.0003696             R
   2   249   1U    0     6     6             0.399      0.0003645             R
   2   249   2     0     4     4             0.399      8.899e-05             R
   2   250   1     0     4     4             0.399      0.0001300             R
   2   251   1     0     8     8             0.399      0.0001437             R
   2   252   1     0     4     4             0.399      0.0001567             R
   2   253   1     0     5     5             0.399      0.0001791             R
   2   254   1     0     5     5             0.400      0.0001595             R
   2   255   1     0     5     5             0.400      0.0001626             R
   2   256   1     0     5     5             0.400      0.0001614             R
   2   257   1     0     4     4             0.400      0.0001591             R
   2   258   1     0     4     4             0.400      0.0001548             R
   2   259   1     0     6     6             0.400      0.0002234             R
   2   260   1     0     6     6             0.401      0.0002196             R
   2   261   1     0     6     6             0.401      0.0002551             R
   2   262   1     0     5     5             0.401      0.0002709             R
   2   263   1U    0     7     7             0.401      0.0002548             R
   2   263   2     0     5     5             0.401      6.651e-05             R
   2   264   1     0     5     5             0.401      6.468e-05             R
   2   265   1     0     7     7             0.401      6.348e-05             R
   2   266   1     0     4     4             0.401      6.260e-05             R
   2   267   1     0     7     7             0.402      6.191e-05             R
   2   268   1     0     7     7             0.402      6.114e-05             R
   2   269   1     0     5     5             0.402      5.743e-05             R
   2   270   1     0     6     6             0.402      5.299e-05             R
   2   271   1     0     6     6             0.402      4.565e-05             R
   2   272   1     0     4     4             0.402      3.851e-05             R
   2   273   1     0     8     8             0.402      3.490e-05             R
   2   274   1     0     4     4             0.402      3.237e-05             R
   2   275   1U    0     9     9             0.402      2.958e-05             R
   2   275   2     0     4     4             0.402      8.088e-06             R
   2   276   1     0     5     5             0.402      1.152e-05             R
   2   277   1     0     4     4             0.402      1.116e-05             R
   2   278   1     0     4     4             0.402      1.128e-05             R
   2   279   1     0     4     4             0.402      1.682e-05             R
   2   280   1     0     5     5             0.402      2.194e-05             R
   2   281   1     0     4     4             0.402      7.325e-06             R
   2   282   1     0     6     6             0.402     -8.584e-06             R
   2   283   1     0     8     8             0.402     -7.676e-06             R
   2   284   1     0     6     6             0.402     -9.056e-07             R
   2   285   1     0     5     5             0.402      2.309e-06             R
   2   286   1     0     5     5             0.402      7.301e-06             R
   2   287   1     0     6     6             0.402      9.677e-06             R
   2   288   1     0     6     6             0.402      9.701e-06             R
   2   289   1     0     5     5             0.402      1.101e-05             R
   2   290   1     0     5     5             0.402      1.798e-05             R
   2   291   1     0     7     7             0.402      2.269e-05             R
   2   292   1     0     6     6             0.402      2.557e-05             R
   2   293   1     0     6     6             0.402      2.802e-05             R
   2   294   1U    0     7     7             0.402      1.822e-05             R
   2   294   2     0     4     4             0.402      7.242e-06             R
   2   295   1     0     7     7             0.402      6.716e-06             R
   2   296   1     0     5     5             0.402      5.595e-06             R
   2   297   1     0     7     7             0.402      4.535e-06             R
   2   298   1     0     6     6             0.402      3.522e-06             R
   2   299   1     0     4     4             0.402      2.512e-06             R
   2   300   1     0     4     4             0.402      1.735e-06             R
   2   301   1     0     4     4             0.402      2.038e-06             R
   2   302   1     0     5     5             0.402      8.356e-07             R
   2   303   1     0     9     9             0.402     -2.005e-06             R
   2   304   1     0     6     6             0.402     -5.215e-06             R
   2   305   1U    0     8     8             0.402     -8.405e-06             R
   2   305   2     0     5     5             0.402     -1.302e-06             R
   2   306   1     0     6     6             0.402     -1.496e-06             R
   2   307   1     0     6     6             0.402     -1.710e-06             R
   2   308   1U    0     6     6             0.402     -1.949e-06             R
   2   308   2     0     5     5             0.402     -4.147e-07             R
   2   309   1     0     3     3             0.402     -4.308e-07             R
   2   310   1     0     5     5             0.402     -4.470e-07             R
   2   311   1U    0     5     5             0.402     -4.635e-07             R
   2   311   2     0     3     3             0.402     -1.105e-07             R
   2   312   1     0     4     4             0.402     -1.115e-07             R
   2   313   1     0     3     3             0.402     -1.703e-07             R
   2   314   1     0     9     9             0.402     -2.622e-07             R
   2   315   1     0     3     3             0.402     -2.677e-07             R
   2   316   1     0     3     3             0.402     -2.732e-07             R
   2   317   1U    0     6     6             0.402     -4.249e-07             R
   2   317   2     0     5     5             0.402      5.302e-07             R
   2   318   1     0     3     3             0.402      5.214e-07             R
   2   319   1     0     5     5             0.402      5.120e-07             R
   2   320   1     0     3     3             0.402      5.025e-07             R
   2   321   1U    0     5     5             0.402      4.927e-07             R
   2   321   2     0     3     3             0.402      1.251e-07             R
   2   322   1     0     3     3             0.402      1.863e-07             R
   2   323   1     0     6     6             0.402      2.763e-07             R
   2   324   1     0     4     4             0.402      2.732e-07             R
   2   325   1     0     4     4             0.402      2.701e-07             R
   2   326   1     0     4     4             0.402      3.982e-07             R
   2   327   1     0     7     7             0.402      5.821e-07             R
   2   328   1     0     3     3             0.402      5.678e-07             R
   2   329   1     0     3     3             0.402      5.541e-07             R
   2   330   1     0     3     3             0.402      8.007e-07             R
   2   331   1     0     4     4             0.402      1.137e-06             R
   2   332   1U    0     5     5             0.402      1.575e-06             R
   2   332   2     0     4     4             0.402      1.425e-06             R
   2   333   1     0     3     3             0.402      2.079e-06             R
   2   334   1     0     4     4             0.402      2.997e-06             R
   2   335   1     0     4     4             0.402      4.246e-06             R
   2   336   1     0     3     3             0.402      5.881e-06             R
   2   337   1     0     4     4             0.402      7.907e-06             R
   2   338   1     0     5     5             0.402      1.025e-05             R
   2   339   1     0     6     6             0.402      8.974e-06             R
   2   340   1     0     8     8             0.402      7.925e-06             R
   2   341   1U    0     6     6             0.402      7.044e-06             R
   2   341   2     0     7     7             0.402      1.942e-06             R
   2   342   1     0     3     3             0.402      1.882e-06             R
   2   343   1     0     3     3             0.402      1.825e-06             R
   2   344   1     0     5     5             0.402      2.609e-06             R
   2   345   1     0     4     4             0.402      2.496e-06             R
   2   346   1U    0     5     5             0.402      2.390e-06             R
   2   346   2     0     3     3             0.402      6.218e-07             R
   2   347   1     0     3     3             0.402      9.159e-07             R
   2   348   1U    0     5     5             0.402      1.338e-06             R
   2   348   2     0     4     4             0.402      1.255e-06             R
   2   349   1     0     6     6             0.402      1.855e-06             R
   2   350   1     0     5     5             0.402      1.829e-06             R
   2   351   1     0     3     3             0.402      1.804e-06             R
   2   352   1     0     3     3             0.402      1.779e-06             R
   2   353   1     0     4     4             0.402      2.615e-06             R
   2   354   1     0     3     3             0.402      3.809e-06             R
   2   355   1     0     3     3             0.402      5.477e-06             R
   2   356   1U    0     5     5             0.402      7.743e-06             R
   2   356   2     0     3     3             0.402      4.600e-06             R
   2   357   1     0     3     3             0.402      6.717e-06             R
   2   358   1U    0     6     6             0.402      9.695e-06             R
   2   358   2     0     6     6             0.402      4.686e-06             R
   2   359   1     0     5     5             0.402      4.636e-06             R
   2   360   1     0     3     3             0.402      4.588e-06             R
   2   361   1     0     3     3             0.402      4.540e-06             R
   2   362   1     0     6     6             0.402      6.706e-06             R
   2   363   1     0     3     3             0.402      6.605e-06             R
   2   364   1     0     3     3             0.402      6.508e-06             R
   2   365   1     0     5     5             0.402      9.552e-06             R
   2   366   1     0     6     6             0.402      9.352e-06             R
   2   367   1     0     3     3             0.402      9.160e-06             R
   2   368   1     0     4     4             0.402      8.976e-06             R
   2   369   1     0     5     5             0.402      1.307e-05             R
   2   370   1     0     5     5             0.402      1.271e-05             R
   2   371   1     0     4     4             0.402      1.236e-05             R
   2   372   1     0     5     5             0.402      1.203e-05             R
   2   373   1U    0     5     5             0.402      1.169e-05             R
   2   373   2     0     4     4             0.402      2.988e-06             R
   2   374   1     0     5     5             0.402      2.967e-06             R
   2   375   1     0     3     3             0.402      2.946e-06             R
   2   376   1     0     7     7             0.402      2.925e-06             R
   2   377   1     0     3     3             0.402      2.904e-06             R
   2   378   1     0     4     4             0.402      2.884e-06             R
   2   379   1     0     9     9             0.402      4.281e-06             R
   2   380   1U    0     5     5             0.402      4.237e-06             R
   2   380   2     0     4     4             0.402      1.068e-06             R
   2   381   1     0     3     3             0.402      1.065e-06             R
   2   382   1     0     3     3             0.402      1.591e-06             R
   2   383   1U    0     6     6             0.402      2.373e-06             R
   2   383   2     0     3     3             0.402      1.187e-06             R
   2   384   1     0     3     3             0.402      1.775e-06             R
   2   385   1     0     3     3             0.402      2.652e-06             R
   2   386   1     0     5     5             0.402      3.953e-06             R
   2   387   1     0     4     4             0.402      3.930e-06             R
   2   388   1     0     3     3             0.402      3.907e-06             R
   2   389   1     0     3     3             0.402      5.808e-06             R
   2   390   1     0     3     3             0.402      8.599e-06             R
   2   391   1     0     4     4             0.402      1.265e-05             R
   2   392   1     0     5     5             0.402      1.846e-05             R
   2   393   1     0     4     4             0.402      1.797e-05             R
   2   394   1     0     4     4             0.402      1.750e-05             R
   2   395   1     0     6     6             0.402      2.527e-05             R
   2   396   1     0     5     5             0.402      2.436e-05             R
   2   397   1     0     6     6             0.403      2.351e-05             R
   2   398   1     0     5     5             0.403      2.272e-05             R
   2   399   1     0     6     6             0.403      2.197e-05             R
   2   400   1     0     4     4             0.403      2.127e-05             R
   2   401   1     0     7     7             0.403      2.060e-05             R
   2   402   1U    0     6     6             0.403      1.996e-05             R
   2   402   2U    0     6     6             0.403      5.118e-06             R
   2   402   3     0     3     3             0.403     -8.373e-07             R
   2   403   1     0     3     3             0.403     -8.330e-07             R
   2   404   1     0     3     3             0.403     -1.240e-06             R
   2   405   1U    0     8     8             0.403     -1.837e-06             R
   2   405   2U    0     5     5             0.403     -2.638e-07             R
   2   405   3     0     4     4             0.403     -1.598e-07             R
   2   406   1     0     3     3             0.403     -2.394e-07             R
   2   407   1     0     3     3             0.403     -3.586e-07             R
   2   408   1     0     3     3             0.403     -5.367e-07             R
   2   409   1     0     3     3             0.403     -8.024e-07             R
   2   410   1     0     4     4             0.403     -1.198e-06             R
   2   411   1     0     3     3             0.403     -1.783e-06             R
   2   412   1     0     4     4             0.403     -2.645e-06             R
   2   413   1     0     4     4             0.403     -3.902e-06             R
   2   414   1     0     3     3             0.403     -5.715e-06             R
   2   415   1     0     4     4             0.403     -8.280e-06             R
   2   416   1     0     4     4             0.403     -1.182e-05             R
   2   417   1U    0     6     6             0.403     -1.653e-05             R
   2   417   2     0     7     7             0.403     -3.443e-06             R
   2   418   1     0     6     6             0.403     -3.375e-06             R
   2   419   1     0     3     3             0.403     -3.310e-06             R
   2   420   1     0     5     5             0.403     -3.247e-06             R
                          
 THE ANALYSIS HAS COMPLETED SUCCESSFULLY
